✅ 追加の公演はありませんでした（2026-07-12 23:58 時点）
----------------------------------------
「ドンデコルテ」が出演する公演が追加されました。

■ 公演タイトル: 福岡よしもとお笑いライブ
■ 公演日: 2026/07/18(土)
■ 場所: よしもと福岡 大和証券劇場（福岡県）
■ 出演者: たくろう／ダイタク／ドンデコルテ／囲碁将棋／矢野・兵動／カベポスター／ななまがり／気になるあの娘／中村圭太／むなかったん／パフェ／ショートケーキ／〔前説〕やまんば／＜ゲームコーナー＞
■ 申し込み日程:
　- 抽選受付: 2026/05/20(水)10:00 〜 2026/07/18(土)09:00
　- 抽選受付: 2026/05/10(日)11:00 〜 2026/05/13(水)11:00
　- 抽選受付: 2026/05/20(水)10:00 〜 2026/07/18(土)11:05
　- 抽選受付: 2026/05/20(水)10:00 〜 2026/07/18(土)13:10
　- 抽選受付: 2026/06/05(金)10:00 〜 2026/07/19(日)08:00
　- 抽選受付: 2026/05/25(月)11:00 〜 2026/05/28(木)11:00
　- 抽選受付: 2026/05/01(金)10:00 〜 2026/07/19(日)08:00
　- 抽選受付: 2026/04/25(土)11:00 〜 2026/04/28(火)11:00
　- 抽選受付: 2026/06/05(金)10:00 〜 2026/07/19(日)09:00
　- 抽選受付: 2026/06/05(金)10:00 〜 2026/07/19(日)10:40
　- 抽選受付: 2026/05/01(金)10:00 〜 2026/07/19(日)11:00
　- 抽選受付: 2026/06/05(金)10:00 〜 2026/07/19(日)11:30
　- 抽選受付: 2026/06/05(金)10:00 〜 2026/07/19(日)13:20

https://ticket.fany.lol/event/43362
----------------------------------------
📢 他1件の公演が追加されました
・しんちゃんプレゼンツ　トークライブ「取り調べ」（2026/07/19(日)） https://ticket.fany.lol/event/45048
----------------------------------------
✅ 追加の公演はありませんでした（2026-07-13 04:57 時点）
----------------------------------------
✅ 追加の公演はありませんでした（2026-07-13 07:33 時点）
----------------------------------------
✅ 追加の公演はありませんでした（2026-07-13 20:42 時点）
----------------------------------------
✅ 追加の公演はありませんでした（2026-07-14 03:19 時点）
----------------------------------------
「ドンデコルテ」が出演する公演が追加されました。

■ 公演タイトル: 森ノ宮マンゲキお笑いライブSP
■ 公演日: 2026/07/19(日)
■ 場所: 森ノ宮よしもと漫才劇場（大阪府）
■ 出演者: ミルクボーイ／ギャロップ／ツートライブ／すゑひろがりず／エバース／ドンデコルテ／祇園／ドーナツ・ピーナツ／天才ピアニスト／スナフキンズ／イチオク／シカノシンプ／電気ジュース／フジーズ／前説：ときヲりぴーと
■ 申し込み日程:
　- 先着受付開始: 2026/06/05 10:00（先着発売中）
　- 抽選受付[●FANY IDプレミアムメンバー抽選先行]: 2026/05/25 11:00 〜 2026/05/28 11:00（抽選受付終了）
　- 抽選受付[FANY IDメンバー抽選先行]: 2026/05/25 11:00 〜 2026/05/28 11:00（抽選受付終了）

https://ticket.fany.lol/event/44557
----------------------------------------
📢 他155件の公演が追加されました
・本公演　３回目【夏休み特別興行】（2026/07/19(日)） https://ticket.fany.lol/event/31084
・本公演　４回目【夏休み特別興行】（2026/07/19(日)） https://ticket.fany.lol/event/31085
・アラフォー独身脱出作戦！審査員はら・大波（2026/07/21(火)） https://ticket.fany.lol/event/45436
・Mを怨みMを憎みMに裏切られそれでもMに振り向いてもらう為・・・（2026/07/21(火)） https://ticket.fany.lol/event/44902
・ウェルカム東京～NSC19期同期ライブ（2026/07/22(水)） https://ticket.fany.lol/event/44026
・カゲヤマルーレット（2026/07/27(月)） https://ticket.fany.lol/event/47299
・ドンデコルテ第十回単独ライブ『とおりこす』（2026/07/29(水)） https://ticket.fany.lol/event/43182
・【超三日ぶっ通し券】DAIENKAI 2026（日程未定） https://ticket.fany.lol/event/40185
・【前二日ぶっ通し券（7/31、8/1）】DAIENKAI 2026（日程未定） https://ticket.fany.lol/event/40187
・【一日券】DAIENKAI 2026（2026/07/31(金)） https://ticket.fany.lol/event/40198
・【後二日ぶっ通し券（8/1、8/2）】DAIENKAI 2026（日程未定） https://ticket.fany.lol/event/40190
・【一日券】DAIENKAI 2026（2026/08/01(土)） https://ticket.fany.lol/event/40199
・幕張平日ネタＳＰ１４時（2026/08/04(火)） https://ticket.fany.lol/event/46814
・幕張平日ネタＳＰ１６時（2026/08/04(火)） https://ticket.fany.lol/event/46815
・よしもと漫才リーグ2026 ドラフト会議（2026/08/04(火)） https://ticket.fany.lol/event/45278
・渋谷マンゲキお笑いライブ　お盆SP（2026/08/09(日)） https://ticket.fany.lol/event/47030
・六本木お笑いコントライブ！（2026/08/09(日)） https://ticket.fany.lol/event/46695
・渋谷マンゲキお笑いライブ　お盆SP（2026/08/09(日)） https://ticket.fany.lol/event/47031
・六本木お笑いコントライブ！（2026/08/09(日)） https://ticket.fany.lol/event/46683
・渋谷マンゲキお笑いライブ　お盆SP（2026/08/09(日)） https://ticket.fany.lol/event/47032
・グランドバトルEAST 第四部（2026/08/09(日)） https://ticket.fany.lol/event/47128
・14×19 ～完全同期in大阪～（2026/08/11(火・祝)） https://ticket.fany.lol/event/45102
・漫才RockYou！ ～真夏のラフフェス フィナーレ大宴会～（2026/08/11(火・祝)） https://ticket.fany.lol/event/45113
・≪8／14通し券≫オールマンゲキTOKYO～大阪マンゲキの日～（日程未定） https://ticket.fany.lol/event/48154
・本公演　１回目【お盆特別興行】（2026/08/15(土)） https://ticket.fany.lol/event/31177
・マンゲキお笑いライブお盆SP（2026/08/15(土)） https://ticket.fany.lol/event/47278
・よしもとお笑いライブin箕面2026（2026/08/15(土)） https://ticket.fany.lol/event/45221
・本公演　２回目【お盆特別興行】（2026/08/15(土)） https://ticket.fany.lol/event/31178
・森ノ宮マンゲキお笑いライブお盆SP（2026/08/15(土)） https://ticket.fany.lol/event/47437
・ぼーんとぅ盆踊り2026夏～私たちは盆踊りをするために生・・・（2026/08/15(土)） https://ticket.fany.lol/event/44885
・ルミネtheよしもと お盆特別興行＜1回目＞（2026/08/16(日)） https://ticket.fany.lol/event/46552
・六本木お笑いコントライブ！（2026/08/16(日)） https://ticket.fany.lol/event/46700
・ルミネtheよしもと お盆特別興行＜2回目＞（2026/08/16(日)） https://ticket.fany.lol/event/46553
・六本木お笑いコントライブ！（2026/08/16(日)） https://ticket.fany.lol/event/46688
・ルミネtheよしもと お盆特別興行＜3回目＞（2026/08/16(日)） https://ticket.fany.lol/event/46554
・渋谷よしもと漫才劇場 × anan　特別公演・・・（2026/08/16(日)） https://ticket.fany.lol/event/47134
・福岡よしもとお笑いライブ（2026/08/22(土)） https://ticket.fany.lol/event/46077
・福岡よしもとお笑いライブ（2026/08/22(土)） https://ticket.fany.lol/event/46094
・福岡よしもとお笑いライブ（2026/08/22(土)） https://ticket.fany.lol/event/46118
・ミキBASEプレゼンツ　怪談芸人大集結（2026/08/22(土)） https://ticket.fany.lol/event/47610
・マンゲキお笑いライブSP（2026/08/23(日)） https://ticket.fany.lol/event/47214
・本公演　１回目【夏休み特別興行】（2026/08/23(日)） https://ticket.fany.lol/event/31205
・森ノ宮マンゲキお笑いライブSP（2026/08/23(日)） https://ticket.fany.lol/event/47409
・よしもとお笑いライブin八尾（2026/08/23(日)） https://ticket.fany.lol/event/45216
・中田カウス 漫才のDENDO 全国ツアー in 富田林（2026/08/23(日)） https://ticket.fany.lol/event/48152
・マンゲキお笑いライブSP（2026/08/23(日)） https://ticket.fany.lol/event/47216
・森ノ宮マンゲキお笑いライブSP（2026/08/23(日)） https://ticket.fany.lol/event/47411
・優勝の為の優勝ライブ～今年のMの為に優勝してゲン担ぎ！～（2026/08/24(月)） https://ticket.fany.lol/event/47860
・Mを怨みMを憎みMに裏切られそれでもMに振り向いてもらう為・・・（2026/08/24(月)） https://ticket.fany.lol/event/46775
・渋谷マンゲキお笑いライブ（2026/08/29(土)） https://ticket.fany.lol/event/47049
・渋谷マンゲキお笑いライブ（2026/08/29(土)） https://ticket.fany.lol/event/47050
・渋谷マンゲキお笑いライブ（2026/08/29(土)） https://ticket.fany.lol/event/47051
・ドンデコルテ×鶴亀ツーマンライブ『本格芋漫才 ドン亀』（2026/08/29(土)） https://ticket.fany.lol/event/46959
・ルミネtheよしもと 夏休み特別公演＜1回目＞（2026/08/30(日)） https://ticket.fany.lol/event/46517
・ルミネtheよしもと 夏休み特別公演＜2回目＞（2026/08/30(日)） https://ticket.fany.lol/event/46518
・渋谷マンゲキお笑いライブ（2026/08/30(日)） https://ticket.fany.lol/event/47054
・漫才師ユニット男坂38（2026/08/30(日)） https://ticket.fany.lol/event/46965
・日本語漫才協会（2026/08/30(日)） https://ticket.fany.lol/event/46958
・ねたログ（2026/08/30(日)） https://ticket.fany.lol/event/46933
・ルミネtheよしもと 土日祝１３時３０分の部プレミアム（2026/09/05(土)） https://ticket.fany.lol/event/46887
・ルミネtheよしもと 土日祝１６時の部プレミアム（2026/09/05(土)） https://ticket.fany.lol/event/46888
・本公演　１回目（2026/09/11(金)） https://ticket.fany.lol/event/22498
・本公演　２回目（2026/09/11(金)） https://ticket.fany.lol/event/22499
・福岡よしもとお笑いライブ（2026/09/12(土)） https://ticket.fany.lol/event/48583
・福岡よしもとお笑いライブ（2026/09/12(土)） https://ticket.fany.lol/event/48584
・福岡よしもとお笑いライブ（2026/09/12(土)） https://ticket.fany.lol/event/48585
・ドンデコルテなんばグランド花月初単独ライブ（2026/09/15(火)） https://ticket.fany.lol/event/43306
・本公演　１回目（2026/09/16(水)） https://ticket.fany.lol/event/22511
・本公演　２回目（2026/09/16(水)） https://ticket.fany.lol/event/22512
・札幌爆音漫才選集（2026/09/18(金)） https://ticket.fany.lol/event/48123
・札幌爆音漫才選集（2026/09/18(金)） https://ticket.fany.lol/event/48124
・【3日通し券・前半2日通し券・9/21(月)1日券】KOYABU SONIC 2026（2026/09/21(月・祝)） https://ticket.fany.lol/event/45208
・【後半2日通し券・9/22(火)1日券】KOYABU SONIC 2026（2026/09/22(火)） https://ticket.fany.lol/event/45209
・【9/23(水)1日券】KOYABU SONIC 2026（2026/09/23(水・祝)） https://ticket.fany.lol/event/45210
・カゲヤマpresents　14期大暴れツアーin OKINAWA 2026（2026/09/23(水・祝)） https://ticket.fany.lol/event/46668
・カゲヤマpresents　14期大暴れツアーin OKINAWA 2026（2026/09/23(水・祝)） https://ticket.fany.lol/event/46669
・ルミネtheよしもと 土日祝１１時の部（2026/09/26(土)） https://ticket.fany.lol/event/19840
・ルミネtheよしもと 土日祝１３時３０分の部（2026/09/26(土)） https://ticket.fany.lol/event/19841
・ルミネtheよしもと 土日祝１６時の部（2026/09/26(土)） https://ticket.fany.lol/event/19842
・東京14期トークライブ　ALL IN 2026（2026/10/06(火)） https://ticket.fany.lol/event/46693
・【通期パス（2日券）・11/7(土)1日券】たくろう万博（2026/11/07(土)） https://ticket.fany.lol/event/48112
・【11/8(日)1日券】たくろう万博（2026/11/08(日)） https://ticket.fany.lol/event/48125
・幕張土日祝ネタＳＰ１２時（2026/07/25(土)） https://ticket.fany.lol/event/44328
・幕張土日祝ネタＳＰ１４時（2026/07/25(土)） https://ticket.fany.lol/event/44329
・幕張土日祝ネタＳＰ１６時（2026/07/25(土)） https://ticket.fany.lol/event/44330
・五反田会～多田さんおめでとうSP～（2026/07/25(土)） https://ticket.fany.lol/event/46315
・六本木コントライブNEXT！（2026/07/27(月)） https://ticket.fany.lol/event/44425
・大宮ネタとトーク「アンガーマネジメント部～最近怒った話・・・（2026/07/30(木)） https://ticket.fany.lol/event/45442
・おおみや夜寄席（2026/07/30(木)） https://ticket.fany.lol/event/45434
・渋谷Kiwami極LIVE（2026/07/31(金)） https://ticket.fany.lol/event/44154
・下北ウホウホ（2026/07/31(金)） https://ticket.fany.lol/event/47840
・サンタモニカ新ネタライブ「シャングリラ」（2026/08/01(土)） https://ticket.fany.lol/event/46907
・六本木コントライブNEXT！（2026/08/04(火)） https://ticket.fany.lol/event/47540
・全国JAPAN（2026/08/05(水)） https://ticket.fany.lol/event/46767
・企画JAPAN―伊織担当回―（2026/08/05(水)） https://ticket.fany.lol/event/46765
・しみちゃむ寄席（2026/08/07(金)） https://ticket.fany.lol/event/47342
・グランドバトルEAST 第一部（2026/08/08(土)） https://ticket.fany.lol/event/47125
・大宮ネタとトーク「「うれしい芸人」トーク」（2026/08/10(月)） https://ticket.fany.lol/event/47877
・CITY石井presents「根建の行動予想ライブ」（2026/08/10(月)） https://ticket.fany.lol/event/47879
・神保町マンゲキお笑いライブ お盆SP（2026/08/11(火・祝)） https://ticket.fany.lol/event/47076
・神保町マンゲキお笑いライブ お盆SP（2026/08/11(火・祝)） https://ticket.fany.lol/event/47098
・神保町マンゲキお笑いライブ お盆SP（2026/08/11(火・祝)） https://ticket.fany.lol/event/47099
・渋谷Kiwami極LIVEプラス＋（2026/08/17(月)） https://ticket.fany.lol/event/47121
・おおみや浴衣夏まつり！－ネタ編－（2026/08/20(木)） https://ticket.fany.lol/event/48128
・おおみや浴衣夏まつり！－出店で大はしゃぎ編－（2026/08/20(木)） https://ticket.fany.lol/event/48129
・CITY石井と楽しくわいわいライブ（2026/08/21(金)） https://ticket.fany.lol/event/46939
・渋谷マンゲキお笑いライブ（2026/08/22(土)） https://ticket.fany.lol/event/47043
・渋谷マンゲキお笑いライブ（2026/08/22(土)） https://ticket.fany.lol/event/47044
・渋谷マンゲキお笑いライブ（2026/08/22(土)） https://ticket.fany.lol/event/47045
・六本木コントライブNEXT！（2026/08/24(月)） https://ticket.fany.lol/event/47546
・渋谷Kiwami極LIVE（2026/08/25(火)） https://ticket.fany.lol/event/46749
・さや香フレンドリー（2026/08/25(火)） https://ticket.fany.lol/event/46954
・CITY LIVE TOUR 2026「EXPLORE THE CITY」東京公演（2026/09/13(日)） https://ticket.fany.lol/event/47647
・福岡よしもとお笑いライブ（2026/09/21(月・祝)） https://ticket.fany.lol/event/48595
・福岡よしもとお笑いライブ（2026/09/21(月・祝)） https://ticket.fany.lol/event/48596
・福岡よしもとお笑いライブ（2026/09/21(月・祝)） https://ticket.fany.lol/event/48597
・CITY LIVE TOUR 2026「EXPLORE THE CITY」福岡公演（2026/09/21(月・祝)） https://ticket.fany.lol/event/47699
・CITY LIVE TOUR 2026「EXPLORE THE CITY」名古屋公演（2026/09/26(土)） https://ticket.fany.lol/event/47723
・CITY LIVE TOUR2026「EXPLORE THE CITY」大阪公演（2026/10/12(月・祝)） https://ticket.fany.lol/event/47856
・CITY LIVE TOUR 2026「EXPLORE THE CITY」札幌公演（2026/10/25(日)） https://ticket.fany.lol/event/47724
・ルミネtheよしもと 夏休み特別公演＜１回目＞（2026/07/21(火)） https://ticket.fany.lol/event/44381
・一つの事について喋る党（2026/07/21(火)） https://ticket.fany.lol/event/47612
・神保町Kakeru翔SP（2026/07/22(水)） https://ticket.fany.lol/event/43971
・四分漫才結社（2026/07/22(水)） https://ticket.fany.lol/event/44832
・ポニー寄席（2026/07/23(木)） https://ticket.fany.lol/event/45937
・ルミネtheよしもと 夏休み特別公演プラス＜３回目＞（2026/07/24(金)） https://ticket.fany.lol/event/44398
・漫才美人（2026/07/26(日)） https://ticket.fany.lol/event/44825
・オーミヤンズV定期公演～ネタと企画～（2026/07/27(月)） https://ticket.fany.lol/event/45440
・大宮12th＆オーミヤンズV 1st Anniversary Party！（2026/07/27(月)） https://ticket.fany.lol/event/45437
・大須よしもとネタコレクション（2026/07/29(水)） https://ticket.fany.lol/event/47492
・大須よしもとお笑いライブ～ネタとトークを楽しむライブ～（2026/07/29(水)） https://ticket.fany.lol/event/47519
・大須よしもとお笑いライブ～ネタとコーナーを楽しむライブ～（2026/07/29(水)） https://ticket.fany.lol/event/47520
・神保町マンゲキお笑いライブ（2026/08/02(日)） https://ticket.fany.lol/event/47069
・神保町マンゲキお笑いライブ（2026/08/02(日)） https://ticket.fany.lol/event/47106
・神保町マンゲキお笑いライブ（2026/08/02(日)） https://ticket.fany.lol/event/47107
・一つの事について喋る党（2026/08/04(火)） https://ticket.fany.lol/event/48168
・【毎月5日はFANYの日！】渋谷Kiwami極LIVE（2026/08/05(水)） https://ticket.fany.lol/event/47156
・絶対漫才！（2026/08/05(水)） https://ticket.fany.lol/event/46738
・幕張平日ネタＳＰ１４時（2026/08/07(金)） https://ticket.fany.lol/event/46820
・幕張平日ネタＳＰ１６時（2026/08/07(金)） https://ticket.fany.lol/event/46821
・秘技“漫才拳”（2026/08/07(金)） https://ticket.fany.lol/event/47963
・濁（2026/08/10(月)） https://ticket.fany.lol/event/46951
・大宮ラクーンよしもと寄席　その壱（2026/08/15(土)） https://ticket.fany.lol/event/46491
・大宮ラクーンよしもと寄席　その弐（2026/08/15(土)） https://ticket.fany.lol/event/46492
・素敵じゃないかの漫才グランドチャンピオン（2026/08/15(土)） https://ticket.fany.lol/event/46777
・渋谷よしもと漫才劇場 夏休み特別寄席（2026/08/16(日)） https://ticket.fany.lol/event/47023
・渋谷よしもと漫才劇場 夏休み特別寄席（2026/08/16(日)） https://ticket.fany.lol/event/47024
・渋谷よしもと漫才劇場 夏休み特別寄席（2026/08/16(日)） https://ticket.fany.lol/event/47025
・渋谷よしもと漫才劇場 夏休み特別寄席（2026/08/16(日)） https://ticket.fany.lol/event/47026
・四分漫才結社（2026/08/19(水)） https://ticket.fany.lol/event/46932
・渋谷Kiwami極LIVEプラス＋（2026/08/20(木)） https://ticket.fany.lol/event/47123
・よしもとお笑いライブin目黒2026（2026/08/20(木)） https://ticket.fany.lol/event/45090
・でら漫才大阪編（2026/08/28(金)） https://ticket.fany.lol/event/47592
・オーミヤンズV定期公演～ネタと企画～（2026/08/31(月)） https://ticket.fany.lol/event/47496
・帰ってきた怪談師吉野～また来たで。恐怖が～（2026/08/31(月)） https://ticket.fany.lol/event/47495
----------------------------------------
✅ 追加の公演はありませんでした（2026-07-14 03:32 時点）
----------------------------------------
「ドンデコルテ」が出演する公演が追加されました。

■ 公演タイトル: ダブルインパクトツアー2026in東京
■ 公演日: 2026/08/12(水)
■ 場所: めぐろパーシモンホール　大ホール（東京都）
■ 出演者: カベポスター、今夜も星が綺麗、滝音、ダンビラムーチョ、TCクラクション、ドンデコルテ、ななまがり、ビスケットブラザーズ
■ 申し込み日程:
　- 先着受付開始: 2026/07/20 10:30（先着発売前）
　- 抽選受付[●FANY IDプレミアムメンバー一次抽選先行]: 2026/06/27 11:00 〜 2026/07/06 11:00（抽選受付終了）
　- 抽選受付[FANY IDメンバー一次抽選先行]: 2026/06/27 11:00 〜 2026/07/06 11:00（抽選受付終了）
　- 抽選受付[●FANY IDプレミアムメンバー二次抽選先行]: 2026/07/11 11:00 〜 2026/07/13 11:00（抽選受付終了）
　- 抽選受付[FANY IDメンバー二次抽選先行]: 2026/07/11 11:00 〜 2026/07/13 11:00（抽選受付終了）

https://ticket.fany.lol/event/47756
----------------------------------------
📢 他6件の公演が追加されました
・ダブルインパクトツアー2026in東京（2026/08/12(水)） https://ticket.fany.lol/event/47757
・ルミネtheよしもと 夏休み特別公演プレミアム＜2回目＞（2026/08/01(土)） https://ticket.fany.lol/event/46520
・ルミネtheよしもと 夏休み特別公演プレミアム＜3回目＞（2026/08/01(土)） https://ticket.fany.lol/event/46521
・ルミネtheよしもと 夏休み特別公演プレミアム＜1回目＞（2026/08/29(土)） https://ticket.fany.lol/event/46525
・ルミネtheよしもと 夏休み特別公演プレミアム＜2回目＞（2026/08/29(土)） https://ticket.fany.lol/event/46526
・ルミネtheよしもと 夏休み特別公演プレミアム＜3回目＞（2026/08/29(土)） https://ticket.fany.lol/event/46527
----------------------------------------
「ドンデコルテ」が出演する公演が追加されました。

■ 公演タイトル: テレビ大阪「令和極漫才2026」
■ 公演日: 2026/09/10(木)
■ 場所: COOL JAPAN PARK OSAKA TTホール（大阪府）
■ 出演者: ティーアップ、シャンプーハット、ギャロップ、ミルクボーイ、トット、ツートライブ、吉田たち、ドンデコルテ、バッテリィズ、たくろう、天才ピアニスト
■ 申し込み日程:
　- 抽選受付[●FANY IDプレミアムメンバー抽選先行]: 2026/07/16 11:00 〜 2026/07/18 11:00（抽選受付前）
　- 抽選受付[FANY IDメンバー抽選先行]: 2026/07/16 11:00 〜 2026/07/18 11:00（抽選受付前）
　- 先着受付開始: 2026/07/21 10:00（先着発売前）

https://ticket.fany.lol/event/49287
----------------------------------------
✅ 追加の公演はありませんでした（2026-07-15 06:33 時点）
----------------------------------------
✅ 追加の公演はありませんでした（2026-07-15 16:31 時点）
----------------------------------------
✅ 追加の公演はありませんでした（2026-07-16 01:52 時点）
----------------------------------------
✅ 追加の公演はありませんでした（2026-07-16 06:33 時点）
----------------------------------------
✅ 追加の公演はありませんでした（2026-07-16 16:39 時点）
----------------------------------------
✅ 追加の公演はありませんでした（2026-07-17 01:51 時点）
----------------------------------------
✅ 追加の公演はありませんでした（2026-07-17 06:47 時点）
----------------------------------------
「ドンデコルテ」が出演する公演が追加されました。

■ 公演タイトル: マンゲキ夏祭り2026
■ 公演日: 2026/09/13(日)
■ 場所: 万博記念公園お祭り広場（大阪府）
■ 出演者: 中田カウス（上方漫才協会 会長）
アインシュタイン 河井ゆずる（上方漫才協会 副会長）
黒帯、豪快キャプテン、ドーナツ・ピーナツ、ドンデコルテ
エバース、天才ピアニスト、フースーヤ　ジョックロック
アインシュタイン、見取り図、ロングコートダディ
マユリカ 、ミキ、バッテリィズ、たくろう　他
■ 申し込み日程:
　- 抽選受付[●FANY IDプレミアムメンバー抽選先行]: 2026/07/18 11:00 〜 2026/07/22 11:00（抽選受付前）
　- 抽選受付[FANY IDメンバー抽選先行]: 2026/07/18 11:00 〜 2026/07/22 11:00（抽選受付前）
　- 先着受付開始: 2026/07/28 10:00（先着発売前）

https://ticket.fany.lol/event/49342
----------------------------------------
📢 他3件の公演が追加されました
・東京グランド花月（2026/09/20(日)） https://ticket.fany.lol/event/49201
・ドリームネタ祭り（2026/07/20(月・祝)） https://ticket.fany.lol/event/46467
・レイザーラモンの世紀末DEATH演芸～こいつらテレビででき・・・（2026/07/28(火)） https://ticket.fany.lol/event/44905
----------------------------------------
✅ 追加の公演はありませんでした（2026-07-17 18:01 時点）
----------------------------------------
✅ 追加の公演はありませんでした（2026-07-18 01:38 時点）
----------------------------------------
【前日リマインド】明日 2026/07/18 10:00 に先着販売が開始します。

■ 公演: 札幌爆音漫才選集
■ 公演日: 2026/09/18(金)
■ 場所: Zepp Sapporo（北海道）
■ 出演: ドンデコルテ
■ 先着受付開始: 2026/07/18 10:00

https://ticket.fany.lol/reception/59426/48123
----------------------------------------
【前日リマインド】明日 2026/07/18 10:00 に先着販売が開始します。

■ 公演: 札幌爆音漫才選集
■ 公演日: 2026/09/18(金)
■ 場所: Zepp Sapporo（北海道）
■ 出演: ドンデコルテ
■ 先着受付開始: 2026/07/18 10:00

https://ticket.fany.lol/reception/59426/48124
----------------------------------------
✅ 追加の公演はありませんでした（2026-07-18 06:10 時点）
----------------------------------------
@everyone
素敵じゃないか出演公演が追加されました！

■ 公演タイトル: 幕張お気軽寄席！～劇場の中は涼しいよ～12時の部
■ 公演日: 2026/08/22(土)
■ 場所: よしもと幕張イオンモール劇場（千葉県）
■ 出演者: ショウショウ／くまだまさし／おしみんまる／チャンス大城／イチキップリン／シマッシュレコード／カゲヤマ／くらげ／ひょっこりはん／素敵じゃないか／ぶったま／インテイク／DOG FOOD PARTY／他
■ 申し込み日程:
　- 抽選受付[●FANY IDプレミアムメンバー抽選先行]: 2026/07/19 11:00 〜 2026/07/21 11:00（抽選受付前）
　- 抽選受付[FANY IDメンバー抽選先行]: 2026/07/19 11:00 〜 2026/07/21 11:00（抽選受付前）
　- 先着受付開始: 2026/07/23 10:00（先着発売前）

https://ticket.fany.lol/reception/60596/49444
----------------------------------------
📢 他1件の公演が追加されました
・幕張お気軽寄席！～劇場の中は涼しいよ～15時の部（2026/08/22(土)） https://ticket.fany.lol/reception/60596/49445
----------------------------------------
✅ 追加の公演はありませんでした（2026-07-19 00:33 時点）
----------------------------------------
✅ 追加の公演はありませんでした（2026-07-19 05:33 時点）
----------------------------------------
✅ 追加の公演はありませんでした（2026-07-19 16:52 時点）
----------------------------------------
<<<<<<< Updated upstream
✅ 追加の公演はありませんでした（2026-07-20 00:34 時点）
=======
【前日リマインド】明日 2026/07/20 10:00 に先着販売が開始します。

■ 公演: 福岡よしもとお笑いライブ
■ 公演日: 2026/09/12(土)
■ 場所: よしもと福岡 大和証券劇場（福岡県）
■ 出演: ドンデコルテ
■ 先着受付開始: 2026/07/20 10:00

https://ticket.fany.lol/reception/59965/48583
----------------------------------------
【前日リマインド】明日 2026/07/20 10:00 に先着販売が開始します。

■ 公演: 福岡よしもとお笑いライブ
■ 公演日: 2026/09/12(土)
■ 場所: よしもと福岡 大和証券劇場（福岡県）
■ 出演: ドンデコルテ
■ 先着受付開始: 2026/07/20 10:00

https://ticket.fany.lol/reception/59965/48584
----------------------------------------
【前日リマインド】明日 2026/07/20 10:00 に先着販売が開始します。

■ 公演: 福岡よしもとお笑いライブ
■ 公演日: 2026/09/12(土)
■ 場所: よしもと福岡 大和証券劇場（福岡県）
■ 出演: ドンデコルテ
■ 先着受付開始: 2026/07/20 10:00

https://ticket.fany.lol/reception/59965/48585
----------------------------------------
【前日リマインド】明日 2026/07/20 10:00 に先着販売が開始します。

■ 公演: 福岡よしもとお笑いライブ
■ 公演日: 2026/09/21(月・祝)
■ 場所: よしもと福岡 大和証券劇場（福岡県）
■ 出演: CITY
■ 先着受付開始: 2026/07/20 10:00

https://ticket.fany.lol/reception/59965/48595
----------------------------------------
【前日リマインド】明日 2026/07/20 10:00 に先着販売が開始します。

■ 公演: 福岡よしもとお笑いライブ
■ 公演日: 2026/09/21(月・祝)
■ 場所: よしもと福岡 大和証券劇場（福岡県）
■ 出演: CITY
■ 先着受付開始: 2026/07/20 10:00

https://ticket.fany.lol/reception/59965/48596
----------------------------------------
【前日リマインド】明日 2026/07/20 10:00 に先着販売が開始します。

■ 公演: 福岡よしもとお笑いライブ
■ 公演日: 2026/09/21(月・祝)
■ 場所: よしもと福岡 大和証券劇場（福岡県）
■ 出演: CITY
■ 先着受付開始: 2026/07/20 10:00

https://ticket.fany.lol/reception/59965/48597
----------------------------------------
【前日リマインド】明日 2026/07/20 10:30 に先着販売が開始します。

■ 公演: ダブルインパクトツアー2026in東京
■ 公演日: 2026/08/12(水)
■ 場所: めぐろパーシモンホール　大ホール（東京都）
■ 出演: ドンデコルテ
■ 先着受付開始: 2026/07/20 10:30

https://ticket.fany.lol/reception/58281/47756
----------------------------------------
【前日リマインド】明日 2026/07/20 10:30 に先着販売が開始します。

■ 公演: ダブルインパクトツアー2026in東京
■ 公演日: 2026/08/12(水)
■ 場所: めぐろパーシモンホール　大ホール（東京都）
■ 出演: ドンデコルテ
■ 先着受付開始: 2026/07/20 10:30

https://ticket.fany.lol/reception/58281/47757
>>>>>>> Stashed changes
----------------------------------------
✅ 追加の公演はありませんでした（2026-07-20 05:33 時点）
----------------------------------------
✅ 追加の公演はありませんでした（2026-07-20 19:35 時点）
----------------------------------------
【前日リマインド】明日 2026/07/21 10:00 に先着販売が開始します。

■ 公演: テレビ大阪「令和極漫才2026」
■ 公演日: 2026/09/10(木)
■ 場所: COOL JAPAN PARK OSAKA TTホール（大阪府）
■ 出演: ドンデコルテ
■ 先着受付開始: 2026/07/21 10:00

https://ticket.fany.lol/reception/60325/49287
----------------------------------------
✅ 追加の公演はありませんでした（2026-07-21 02:09 時点）
----------------------------------------
✅ 追加の公演はありませんでした（2026-07-21 06:52 時点）
----------------------------------------
【本日】まもなく 2026/07/21 10:00 に先着販売が開始します。

■ 公演: テレビ大阪「令和極漫才2026」
■ 公演日: 2026/09/10(木)
■ 場所: COOL JAPAN PARK OSAKA TTホール（大阪府）
■ 出演: ドンデコルテ
■ 先着受付開始: 2026/07/21 10:00

https://ticket.fany.lol/reception/60325/49287
----------------------------------------
✅ 追加の公演はありませんでした（2026-07-21 18:34 時点）
----------------------------------------
@everyone
CITY出演公演が追加されました！

■ 公演タイトル: WEEKEND寄席70
■ 公演日: 2026/07/26(日)
■ 場所: ルミネtheよしもと（東京都）
■ 出演者: 守谷日和／インポッシブル／ロングコートダディ／ちょんまげラーメン／CITY／銀河ゆめゆめ／ダンビラムーチョ／からし蓮根／ミカボ
■ 申し込み日程:
　- 先着受付開始: 2026/06/30 10:00（先着発売中）

https://ticket.fany.lol/reception/59182/47921
----------------------------------------
✅ 追加の公演はありませんでした（2026-07-22 06:46 時点）
----------------------------------------
@everyone
CITY出演公演が追加されました！

■ 公演タイトル: 幕張平日ネタＳＰ１４時
■ 公演日: 2026/08/06(木)
■ 場所: よしもと幕張イオンモール劇場（千葉県）
■ 出演者: [ネタ]おかずクラブ／マルセイユ／CITY／男性ブランコ／空気階段／オズワルド／田津原理音／ゼロカラン
■ 申し込み日程:
　- 先着受付開始: 2026/07/05 10:00（先着発売中）
　- 抽選受付[●FANY IDプレミアムメンバー抽選先行]: 2026/06/25 11:00 〜 2026/06/28 11:00（抽選受付終了）
　- 抽選受付[FANY IDメンバー抽選先行]: 2026/06/25 11:00 〜 2026/06/28 11:00（抽選受付終了）

https://ticket.fany.lol/reception/56883/46818
----------------------------------------
📢 他1件の公演が追加されました
・幕張平日ネタＳＰ１６時（2026/08/06(木)） https://ticket.fany.lol/reception/56883/46819
----------------------------------------
【前日リマインド】明日 2026/07/23 10:00 に先着販売が開始します。

■ 公演: 幕張お気軽寄席！～劇場の中は涼しいよ～12時の部
■ 公演日: 2026/08/22(土)
■ 場所: よしもと幕張イオンモール劇場（千葉県）
■ 出演: 素敵じゃないか
■ 先着受付開始: 2026/07/23 10:00

https://ticket.fany.lol/reception/60598/49444
----------------------------------------
【前日リマインド】明日 2026/07/23 10:00 に先着販売が開始します。

■ 公演: 幕張お気軽寄席！～劇場の中は涼しいよ～15時の部
■ 公演日: 2026/08/22(土)
■ 場所: よしもと幕張イオンモール劇場（千葉県）
■ 出演: 素敵じゃないか
■ 先着受付開始: 2026/07/23 10:00

https://ticket.fany.lol/reception/60598/49445
----------------------------------------
✅ 追加の公演はありませんでした（2026-07-23 02:01 時点）
----------------------------------------
✅ 追加の公演はありませんでした（2026-07-23 06:44 時点）
----------------------------------------
【本日】まもなく 2026/07/23 10:00 に先着販売が開始します。

■ 公演: 幕張お気軽寄席！～劇場の中は涼しいよ～12時の部
■ 公演日: 2026/08/22(土)
■ 場所: よしもと幕張イオンモール劇場（千葉県）
■ 出演: 素敵じゃないか
■ 先着受付開始: 2026/07/23 10:00

https://ticket.fany.lol/reception/60598/49444
----------------------------------------
【本日】まもなく 2026/07/23 10:00 に先着販売が開始します。

■ 公演: 幕張お気軽寄席！～劇場の中は涼しいよ～15時の部
■ 公演日: 2026/08/22(土)
■ 場所: よしもと幕張イオンモール劇場（千葉県）
■ 出演: 素敵じゃないか
■ 先着受付開始: 2026/07/23 10:00

https://ticket.fany.lol/reception/60598/49445
----------------------------------------
@everyone
ドンデコルテ出演公演が追加されました！

■ 公演タイトル: 幕張平日ネタプレミアム１４時
■ 公演日: 2026/09/01(火)
■ 場所: よしもと幕張イオンモール劇場（千葉県）
■ 出演者: ヒューマン中村／囲碁将棋／金属バット／ジェラードン／黒帯／コロコロチキチキペッパーズ／ドンデコルテ／紅しょうが／カベポスター
■ 申し込み日程:
　- 抽選受付[●FANY IDプレミアムメンバー抽選先行]: 2026/07/25 11:00 〜 2026/07/28 11:00（抽選受付前）
　- 抽選受付[FANY IDメンバー抽選先行]: 2026/07/25 11:00 〜 2026/07/28 11:00（抽選受付前）
　- 先着受付開始: 2026/08/05 10:00（先着発売前）

https://ticket.fany.lol/reception/61123/49743
----------------------------------------
📢 他19件の公演が追加されました
・幕張平日ネタプレミアム１６時（2026/09/01(火)） https://ticket.fany.lol/reception/61123/49744
・ルミネtheよしもと 平日１４時の部（2026/10/08(木)） https://ticket.fany.lol/reception/61222/22322
・ルミネtheよしもと 平日１６時の部（2026/10/08(木)） https://ticket.fany.lol/reception/61222/22323
・ルミネtheよしもと 土日祝１１時の部プレミアム（2026/10/11(日)） https://ticket.fany.lol/reception/61247/49727
・ルミネtheよしもと 土日祝１３時３０分の部プレミアム（2026/10/11(日)） https://ticket.fany.lol/reception/61247/49728
・ルミネtheよしもと 土日祝１６時の部プレミアム（2026/10/11(日)） https://ticket.fany.lol/reception/61247/49729
・ルミネtheよしもと 土日祝１１時の部プレミアム（2026/10/18(日)） https://ticket.fany.lol/reception/61247/49732
・ルミネtheよしもと 土日祝１３時３０分の部プレミアム（2026/10/18(日)） https://ticket.fany.lol/reception/61247/49733
・幕張平日ネタＳＰ１４時（2026/09/16(水)） https://ticket.fany.lol/reception/61091/49711
・幕張平日ネタＳＰ１６時（2026/09/16(水)） https://ticket.fany.lol/reception/61091/49712
・幕張土日祝ネタＳＰ１２時（2026/09/20(日)） https://ticket.fany.lol/reception/61097/49751
・幕張土日祝ネタＳＰ１４時（2026/09/20(日)） https://ticket.fany.lol/reception/61097/49752
・幕張土日祝ネタＳＰ１６時（2026/09/20(日)） https://ticket.fany.lol/reception/61097/49753
・幕張土日祝ネタＳＰ１２時（2026/09/27(日)） https://ticket.fany.lol/reception/61097/49757
・幕張土日祝ネタＳＰ１４時（2026/09/27(日)） https://ticket.fany.lol/reception/61097/49758
・幕張土日祝ネタＳＰ１６時（2026/09/27(日)） https://ticket.fany.lol/reception/61097/49759
・ルミネtheよしもと 平日１２時の部 プラス（2026/10/16(金)） https://ticket.fany.lol/reception/61236/49680
・ルミネtheよしもと 平日１４時の部 プラス（2026/10/16(金)） https://ticket.fany.lol/reception/61236/49681
・ルミネtheよしもと 平日１６時の部 プラス（2026/10/16(金)） https://ticket.fany.lol/reception/61236/49682
----------------------------------------
@everyone
素敵じゃないか出演公演が追加されました！

■ 公演タイトル: 素敵じゃないかストレッチーズの新ネタ3本ずつライブ・・・
■ 公演日: 2026/08/27(木)
■ 場所: 新宿シアターモリエール（東京都）
■ 出演者: 素敵じゃないか、ストレッチーズ（太田プロダクション）
■ 申し込み日程:
　- 先着受付開始: 2026/07/25 10:00（先着発売前）

https://ticket.fany.lol/reception/61630/50249
----------------------------------------
✅ 追加の公演はありませんでした（2026-07-24 06:39 時点）
----------------------------------------
@everyone
ドンデコルテ出演公演が追加されました！

■ 公演タイトル: オールマンゲキTOKYO～大阪マンゲキの日～ ＜第一部＞
■ 公演日: 2026/08/14(金)
■ 場所: きゅりあん　大ホール（東京都）
■ 出演者: ＜東京＞
今井らいぱち、さや香、ダブルヒガシ、ドンデコルテ、ミカボ、太鵬、めぞん 吉野おいなり君、インテイク、ヨネダ2000、金魚番長、大王、兄弟、イワサキ、ナユタ

※出演を予定していましためぞん原一刻は都合により休演いたします。なお、めぞん吉野おいなり君は出演いたします。誠に申し訳ございません。（7/24更新）

＜大阪＞
豪快キャプテン、ドーナツ・ピーナツ、丸亀じゃんご、真輝志、フースーヤ、cacao、三遊間、空前メテオ、ジョックロック、例えば炎
■ 申し込み日程:
　- 先着受付開始: 2026/07/13 10:00（先着発売中）
　- 抽選受付[●FANY IDプレミアムメンバー抽選先行]: 2026/07/07 09:00 〜 2026/07/09 11:00（抽選受付終了）
　- 抽選受付[FANY IDメンバー抽選先行]: 2026/07/07 09:00 〜 2026/07/09 11:00（抽選受付終了）

https://ticket.fany.lol/reception/59378/48100
----------------------------------------
📢 他43件の公演が追加されました
・オールマンゲキTOKYO～大阪マンゲキの日～ ＜第二部＞（2026/08/14(金)） https://ticket.fany.lol/reception/59379/48099
・渋谷Kiwami極LIVE（2026/09/01(火)） https://ticket.fany.lol/reception/60592/49447
・渋谷マンゲキお笑いライブ（2026/09/20(日)） https://ticket.fany.lol/reception/61294/49870
・渋谷マンゲキお笑いライブ（2026/09/20(日)） https://ticket.fany.lol/reception/61294/49880
・渋谷マンゲキお笑いライブ（2026/09/20(日)） https://ticket.fany.lol/reception/61294/49890
・juichigatsunorisaばちばちライブ（2026/09/20(日)） https://ticket.fany.lol/reception/60885/49590
・漫才師ユニット男坂38（2026/09/20(日)） https://ticket.fany.lol/reception/60886/49603
・本公演　４回目※小学生割あり（2026/10/03(土)） https://ticket.fany.lol/reception/60623/24881
・本公演　１回目（2026/10/04(日)） https://ticket.fany.lol/reception/60623/24882
・本公演　２回目（2026/10/04(日)） https://ticket.fany.lol/reception/60623/24883
・本公演　３回目（2026/10/04(日)） https://ticket.fany.lol/reception/60623/24884
・石井と京極の、揉めずに話そう（2026/08/03(月)） https://ticket.fany.lol/reception/57166/46945
・伊織VS石井　世紀の5番勝負（2026/09/01(火)） https://ticket.fany.lol/reception/60656/49524
・ドンココりゅうpresents 「りゅう同期ライブ」（2026/09/02(水)） https://ticket.fany.lol/reception/60659/49536
・渋谷Kiwami極LIVEプラス＋（2026/09/04(金)） https://ticket.fany.lol/reception/60600/49456
・【擬音】（2026/09/05(土)） https://ticket.fany.lol/reception/60665/49539
・神保町マンゲキお笑いライブ（2026/09/12(土)） https://ticket.fany.lol/reception/61272/49827
・神保町マンゲキお笑いライブ（2026/09/12(土)） https://ticket.fany.lol/reception/61272/49826
・神保町マンゲキお笑いライブ（2026/09/12(土)） https://ticket.fany.lol/reception/61272/49844
・CITY石井VSエルフ荒川（2026/09/14(月)） https://ticket.fany.lol/reception/60877/49611
・先輩後輩コンビ寄席（2026/09/14(月)） https://ticket.fany.lol/reception/60878/49589
・渋谷Kiwami極LIVE（2026/09/25(金)） https://ticket.fany.lol/reception/60592/49454
・神保町マンゲキお笑いライブ（2026/09/27(日)） https://ticket.fany.lol/reception/61272/49841
・神保町マンゲキお笑いライブ（2026/09/27(日)） https://ticket.fany.lol/reception/61272/49840
・神保町マンゲキお笑いライブ（2026/09/27(日)） https://ticket.fany.lol/reception/61272/49851
・『東西若手芸人ネタ祭り！ 神戸 夏の陣』（2026/08/26(水)） https://ticket.fany.lol/reception/57345/47120
・絶対漫才！（2026/09/02(水)） https://ticket.fany.lol/reception/60572/49437
・渋谷Kiwami極LIVEプラス＋（2026/09/03(木)） https://ticket.fany.lol/reception/60600/49455
・神保町マンゲキお笑いライブ（2026/09/05(土)） https://ticket.fany.lol/reception/61272/49823
・神保町マンゲキお笑いライブ（2026/09/05(土)） https://ticket.fany.lol/reception/61272/49822
・神保町マンゲキお笑いライブ（2026/09/05(土)） https://ticket.fany.lol/reception/61272/49842
・濁（2026/09/10(木)） https://ticket.fany.lol/reception/60870/49616
・渋谷Kiwami極LIVEプラス＋（2026/09/11(金)） https://ticket.fany.lol/reception/60600/49458
・渋谷マンゲキお笑いライブ（2026/09/13(日)） https://ticket.fany.lol/reception/61294/49869
・渋谷マンゲキお笑いライブ（2026/09/13(日)） https://ticket.fany.lol/reception/61294/49879
・渋谷マンゲキお笑いライブ（2026/09/13(日)） https://ticket.fany.lol/reception/61294/49889
・ド桜のコーナーライブ「桜会」（2026/09/16(水)） https://ticket.fany.lol/reception/60880/49591
・【芸辞苑】（2026/09/18(金)） https://ticket.fany.lol/reception/60491/49412
・渋谷マンゲキお笑いライブ（2026/09/22(火)） https://ticket.fany.lol/reception/61294/49872
・渋谷マンゲキお笑いライブ（2026/09/22(火)） https://ticket.fany.lol/reception/61294/49882
・渋谷マンゲキお笑いライブ（2026/09/22(火)） https://ticket.fany.lol/reception/61294/49892
・東京新世界（2026/09/26(土)） https://ticket.fany.lol/reception/60695/49531
・四分漫才結社（2026/09/30(水)） https://ticket.fany.lol/reception/60703/49529
----------------------------------------
【前日リマインド】明日 2026/07/25 10:00 に先着販売が開始します。

■ 公演: 素敵じゃないかストレッチーズの新ネタ3本ずつライブ・・・
■ 公演日: 2026/08/27(木)
■ 場所: 新宿シアターモリエール（東京都）
■ 出演: 素敵じゃないか
■ 先着受付開始: 2026/07/25 10:00

https://ticket.fany.lol/reception/61630/50249
----------------------------------------
【前日リマインド】明日 2026/07/25 10:00 に先着販売が開始します。

■ 公演: 石井と京極の、揉めずに話そう
■ 公演日: 2026/08/03(月)
■ 場所: 渋谷よしもと漫才劇場（東京都）
■ 出演: CITY
■ 先着受付開始: 2026/07/25 10:00

https://ticket.fany.lol/reception/57166/46945
----------------------------------------
@everyone
ドンデコルテ出演公演が追加されました！

■ 公演タイトル: 六本木お笑いコントライブ！
■ 公演日: 2026/09/05(土)
■ 場所: YOSHIMOTO ROPPONGI THEATER（東京都）
■ 出演者: ドンデコルテ／3時のヒロイン／ハイキングウォーキング／５ＧＡＰ／R藤本／生姜猫／シカノシンプ／他
■ 申し込み日程:
　- 抽選受付[●FANY IDプレミアムメンバー抽選先行]: 2026/07/25 11:00 〜 2026/07/28 11:00（抽選受付前）
　- 抽選受付[FANY IDメンバー抽選先行]: 2026/07/25 11:00 〜 2026/07/28 11:00（抽選受付前）
　- 先着受付開始: 2026/08/05 10:00（先着発売前）

https://ticket.fany.lol/reception/60606/49461
----------------------------------------
📢 他4件の公演が追加されました
・六本木お笑いコントライブ！（2026/09/05(土)） https://ticket.fany.lol/reception/60606/49471
・渡辺銀次とネルソンズとちょんまげラーメンの同期ライブ・・・（2026/09/12(土)） https://ticket.fany.lol/reception/61793/50135
・腹が減ってはMは戦えぬ！（2026/09/25(金)） https://ticket.fany.lol/reception/61671/50264
・Mを怨みMを憎みMに裏切られそれでもMに振り向いてもらう為・・・（2026/09/25(金)） https://ticket.fany.lol/reception/61672/50266
----------------------------------------
@everyone
ドンデコルテ出演公演が追加されました！

■ 公演タイトル: Kiwami極LIVEプラス
■ 公演日: 2026/09/16(水)
■ 場所: よしもと漫才劇場（大阪府）
■ 出演者: ゲスト:吉田たち／ドンデコルテ／　
侍スライス／もも／イチオク／フースーヤ／うただ／ぎょうぶ／幸のとり／満丸／東雲／やまぐちたけし／清川雄司
■ 申し込み日程:
　- 抽選受付[●FANY IDプレミアムメンバー抽選先行]: 2026/07/25 11:00 〜 2026/07/28 11:00（抽選受付前）
　- 抽選受付[FANY IDメンバー抽選先行]: 2026/07/25 11:00 〜 2026/07/28 11:00（抽選受付前）
　- 先着受付開始: 2026/08/05 10:00（先着発売前）

https://ticket.fany.lol/reception/61598/50029
----------------------------------------
📢 他1件の公演が追加されました
・素敵やないか5（2026/09/17(木)） https://ticket.fany.lol/reception/61972/50205
----------------------------------------
【本日】まもなく 2026/07/25 10:00 に先着販売が開始します。

■ 公演: 素敵じゃないかストレッチーズの新ネタ3本ずつライブ・・・
■ 公演日: 2026/08/27(木)
■ 場所: 新宿シアターモリエール（東京都）
■ 出演: 素敵じゃないか
■ 先着受付開始: 2026/07/25 10:00

https://ticket.fany.lol/reception/61630/50249
----------------------------------------
【本日】まもなく 2026/07/25 10:00 に先着販売が開始します。

■ 公演: 石井と京極の、揉めずに話そう
■ 公演日: 2026/08/03(月)
■ 場所: 渋谷よしもと漫才劇場（東京都）
■ 出演: CITY
■ 先着受付開始: 2026/07/25 10:00

https://ticket.fany.lol/reception/57166/46945
----------------------------------------
@everyone
ドンデコルテ出演公演が追加されました！

■ 公演タイトル: 寛平GMプロデュース公演『新喜劇出前ツアー 2026』福岡公演
■ 公演日: 2026/08/22(土)
■ 場所: 博多座（福岡県）
■ 出演者: （新喜劇）
間寛平、内場勝則、辻本茂雄、浅香あき恵、ケン、高橋靖子、平山昌雄、清水啓之、いがわゆり蚊
松浦真也、森田まりこ、レイチェル、高関優、新井崇史、大塚澪、小林ゆう、野崎塁

（バラエティ）
テンダラー、笑い飯、もう中学生、ミキ、ドンデコルテ
■ 申し込み日程:
　- 先着受付開始: 2026/07/04 10:00（先着発売中）
　- 抽選受付[吉本新喜劇OFFICIAL FAN CLUB抽選先行]: 2026/06/05 13:00 〜 2026/06/09 23:59（抽選受付終了）
　- 抽選受付[●FANY IDプレミアムメンバー抽選先行]: 2026/06/14 13:00 〜 2026/06/17 23:59（抽選受付終了）
　- 抽選受付[FANY IDメンバー抽選先行]: 2026/06/14 13:00 〜 2026/06/17 23:59（抽選受付終了）

https://ticket.fany.lol/reception/55402/45508
----------------------------------------
📢 他9件の公演が追加されました
・寛平GMプロデュース公演『新喜劇出前ツアー 2026』福岡公演（2026/08/22(土)） https://ticket.fany.lol/reception/55402/45511
・福岡よしもとお笑いライブ（2026/08/02(日)） https://ticket.fany.lol/reception/55976/46076
・福岡よしもとお笑いライブ（2026/08/02(日)） https://ticket.fany.lol/reception/55976/46098
・福岡よしもとお笑いライブ（2026/08/02(日)） https://ticket.fany.lol/reception/55976/46108
・ガチのマジで本気のクイズ大会～誰が1番アホなんかこの際・・・（2026/08/02(日)） https://ticket.fany.lol/reception/58074/47596
・全国JAPAN（2026/09/03(木)） https://ticket.fany.lol/reception/61393/49990
・企画JAPAN－石井担当回－（2026/09/03(木)） https://ticket.fany.lol/reception/61395/49991
・吉本新喜劇アキのいぃよぉ ～の感謝祭2026（2026/11/28(土)） https://ticket.fany.lol/reception/61527/50213
・でら漫才（2026/09/30(水)） https://ticket.fany.lol/reception/61050/49654
----------------------------------------
✅ 追加の公演はありませんでした（2026-07-26 00:48 時点）
----------------------------------------
✅ 追加の公演はありませんでした（2026-07-26 05:38 時点）
----------------------------------------
@everyone
CITY出演公演が追加されました！

■ 公演タイトル: 神保町マンゲキお笑いライブ
■ 公演日: 2026/08/01(土)
■ 場所: 神保町よしもと漫才劇場（東京都）
■ 出演者: [ネタ出演者]ダンビラムーチョ／ダブルヒガシ／エルフ／CITY／アメリカンBBチキン／ミカボ／オフローズ／マリーマリー／サンタモニカ／金魚番長／とりせん

■ 申し込み日程:
　- 先着受付開始: 2026/07/05 10:00（先着発売中）
　- 抽選受付[●FANY IDプレミアムメンバー抽選先行]: 2026/06/25 11:00 〜 2026/06/28 11:00（抽選受付終了）
　- 抽選受付[FANY IDメンバー抽選先行]: 2026/06/25 11:00 〜 2026/06/28 11:00（抽選受付終了）

https://ticket.fany.lol/reception/57453/47105
----------------------------------------
📢 他1件の公演が追加されました
・素敵じゃないかの漫才グランドチャンピオン（2026/09/20(日)） https://ticket.fany.lol/reception/61894/50328
----------------------------------------
✅ 追加の公演はありませんでした（2026-07-27 00:48 時点）
----------------------------------------
✅ 追加の公演はありませんでした（2026-07-27 06:15 時点）
----------------------------------------
@everyone
CITY出演公演が追加されました！

■ 公演タイトル: 渋谷マンゲキお笑いライブ
■ 公演日: 2026/08/01(土)
■ 場所: 渋谷よしもと漫才劇場（東京都）
■ 出演者: [ネタ＆コーナーライブ]蛙亭／カベポスター／CITY／やさしいズ／ケビンス／田津原理音／世間知らズ／シンクロニシティ／セカンドロット／ゲスト：ライス／GAG
■ 申し込み日程:
　- 先着受付開始: 2026/07/05 10:00（先着発売中）
　- 抽選受付[●FANY IDプレミアムメンバー抽選先行]: 2026/06/25 11:00 〜 2026/06/28 11:00（抽選受付終了）
　- 抽選受付[FANY IDメンバー抽選先行]: 2026/06/25 11:00 〜 2026/06/28 11:00（抽選受付終了）

https://ticket.fany.lol/reception/57427/47039
----------------------------------------
📢 他1件の公演が追加されました
・渋谷マンゲキお笑いライブ（2026/08/01(土)） https://ticket.fany.lol/reception/57427/47718
----------------------------------------
@everyone
素敵じゃないか出演公演が追加されました！

■ 公演タイトル: シシガシラpresents　おじさんと遊んでくれませんか？
■ 公演日: 2026/09/20(日)
■ 場所: 大宮ラクーンよしもと劇場（埼玉県）
■ 出演者: シシガシラ／タモンズ／素敵じゃないか／世間知らズ
■ 申し込み日程:
　- 抽選受付[●FANY IDプレミアムメンバー抽選先行]: 2026/07/28 11:00 〜 2026/07/30 11:00（抽選受付前）
　- 抽選受付[FANY IDメンバー抽選先行]: 2026/07/28 11:00 〜 2026/07/30 11:00（抽選受付前）
　- 先着受付開始: 2026/08/01 10:00（先着発売前）

https://ticket.fany.lol/reception/61910/50340
----------------------------------------
📢 他1件の公演が追加されました
・オズワルドさんたら、もう！（2026/09/20(日)） https://ticket.fany.lol/reception/61911/50339
----------------------------------------
✅ 追加の公演はありませんでした（2026-07-28 18:50 時点）
----------------------------------------
【前日リマインド】明日 2026/07/29 10:00 に先着販売が開始します。

■ 公演: 腹が減ってはMは戦えぬ！
■ 公演日: 2026/09/25(金)
■ 場所: 大宮ラクーンよしもと劇場（埼玉県）
■ 出演: ドンデコルテ
■ 先着受付開始: 2026/07/29 10:00

https://ticket.fany.lol/reception/61679/50264
----------------------------------------
【前日リマインド】明日 2026/07/29 10:00 に先着販売が開始します。

■ 公演: Mを怨みMを憎みMに裏切られそれでもMに振り向いてもらう為・・・
■ 公演日: 2026/09/25(金)
■ 場所: 大宮ラクーンよしもと劇場（埼玉県）
■ 出演: ドンデコルテ
■ 先着受付開始: 2026/07/29 10:00

https://ticket.fany.lol/reception/61680/50266
----------------------------------------
【前日リマインド】明日 2026/07/29 10:00 に先着販売が開始します。

■ 公演: 全国JAPAN
■ 公演日: 2026/09/03(木)
■ 場所: 大宮ラクーンよしもと劇場（埼玉県）
■ 出演: CITY
■ 先着受付開始: 2026/07/29 10:00

https://ticket.fany.lol/reception/61393/49990
----------------------------------------
【前日リマインド】明日 2026/07/29 10:00 に先着販売が開始します。

■ 公演: 企画JAPAN－石井担当回－
■ 公演日: 2026/09/03(木)
■ 場所: 大宮ラクーンよしもと劇場（埼玉県）
■ 出演: CITY
■ 先着受付開始: 2026/07/29 10:00

https://ticket.fany.lol/reception/61395/49991
----------------------------------------
✅ 追加の公演はありませんでした（2026-07-29 02:14 時点）
----------------------------------------
✅ 追加の公演はありませんでした（2026-07-29 06:47 時点）
----------------------------------------
【本日】まもなく 2026/07/29 10:00 に先着販売が開始します。

■ 公演: 腹が減ってはMは戦えぬ！
■ 公演日: 2026/09/25(金)
■ 場所: 大宮ラクーンよしもと劇場（埼玉県）
■ 出演: ドンデコルテ
■ 先着受付開始: 2026/07/29 10:00

https://ticket.fany.lol/reception/61679/50264
----------------------------------------
【本日】まもなく 2026/07/29 10:00 に先着販売が開始します。

■ 公演: Mを怨みMを憎みMに裏切られそれでもMに振り向いてもらう為・・・
■ 公演日: 2026/09/25(金)
■ 場所: 大宮ラクーンよしもと劇場（埼玉県）
■ 出演: ドンデコルテ
■ 先着受付開始: 2026/07/29 10:00

https://ticket.fany.lol/reception/61680/50266
----------------------------------------
【本日】まもなく 2026/07/29 10:00 に先着販売が開始します。

■ 公演: 全国JAPAN
■ 公演日: 2026/09/03(木)
■ 場所: 大宮ラクーンよしもと劇場（埼玉県）
■ 出演: CITY
■ 先着受付開始: 2026/07/29 10:00

https://ticket.fany.lol/reception/61393/49990
----------------------------------------
【本日】まもなく 2026/07/29 10:00 に先着販売が開始します。

■ 公演: 企画JAPAN－石井担当回－
■ 公演日: 2026/09/03(木)
■ 場所: 大宮ラクーンよしもと劇場（埼玉県）
■ 出演: CITY
■ 先着受付開始: 2026/07/29 10:00

https://ticket.fany.lol/reception/61395/49991
----------------------------------------
✅ 追加の公演はありませんでした（2026-07-29 19:15 時点）
----------------------------------------
✅ 追加の公演はありませんでした（2026-07-30 01:53 時点）
----------------------------------------
✅ 追加の公演はありませんでした（2026-07-30 06:16 時点）
----------------------------------------
✅ 追加の公演はありませんでした（2026-07-30 18:38 時点）
----------------------------------------
【前日リマインド】明日 2026/07/31 10:00 に先着販売が開始します。

■ 公演: 素敵じゃないかの漫才グランドチャンピオン
■ 公演日: 2026/09/20(日)
■ 場所: 大宮ラクーンよしもと劇場（埼玉県）
■ 出演: 素敵じゃないか
■ 先着受付開始: 2026/07/31 10:00

https://ticket.fany.lol/reception/61896/50328
----------------------------------------
@everyone
CITY出演公演が追加されました！

■ 公演タイトル: 下北ウホウホ
■ 公演日: 2026/08/28(金)
■ 場所: 下北沢シアターミネルヴァ（東京都）
■ 出演者: 守谷日和
ゲスト：おしみんまる、CITY
■ 申し込み日程:
　- 先着受付開始: 2026/08/01 10:00（先着発売前）

https://ticket.fany.lol/reception/62440/50385
----------------------------------------
📢 他2件の公演が追加されました
・渋谷マンゲキお笑いライブ（2026/08/30(日)） https://ticket.fany.lol/reception/57427/47052
・渋谷マンゲキお笑いライブ（2026/08/30(日)） https://ticket.fany.lol/reception/57427/47053
----------------------------------------
✅ 追加の公演はありませんでした（2026-07-31 06:50 時点）
----------------------------------------
@everyone
CITY出演公演が追加されました！

■ 公演タイトル: 渋谷マンゲキお笑いライブ
■ 公演日: 2026/09/23(水・祝)
■ 場所: 渋谷よしもと漫才劇場（東京都）
■ 出演者: [ネタ＆コーナーライブ]インポッシブル／GAG／エバース／カベポスター／ゆにばーす／ケビンス／CITY／鶴亀／鉄人小町／イワサキ
■ 申し込み日程:
　- 先着受付開始: 2026/08/05 10:00（先着発売前）
　- 抽選受付[●FANY IDプレミアムメンバー抽選先行]: 2026/07/25 11:00 〜 2026/07/28 11:00（抽選受付終了）
　- 抽選受付[FANY IDメンバー抽選先行]: 2026/07/25 11:00 〜 2026/07/28 11:00（抽選受付終了）

https://ticket.fany.lol/reception/61296/49873
----------------------------------------
📢 他2件の公演が追加されました
・渋谷マンゲキお笑いライブ（2026/09/23(水・祝)） https://ticket.fany.lol/reception/61296/49883
・渋谷マンゲキお笑いライブ（2026/09/23(水・祝)） https://ticket.fany.lol/reception/61296/49893
----------------------------------------
【前日リマインド】明日 2026/08/01 10:00 に先着販売が開始します。

■ 公演: 東京グランド花月
■ 公演日: 2026/09/20(日)
■ 場所: IMM THEATER（東京都）
■ 出演: ドンデコルテ
■ 先着受付開始: 2026/08/01 10:00

https://ticket.fany.lol/reception/60257/49201
----------------------------------------
【前日リマインド】明日 2026/08/01 10:00 に先着販売が開始します。

■ 公演: 本公演　４回目※小学生割あり
■ 公演日: 2026/10/03(土)
■ 場所: なんばグランド花月（大阪府）
■ 出演: ドンデコルテ
■ 先着受付開始: 2026/08/01 10:00

https://ticket.fany.lol/reception/60625/24881
----------------------------------------
【前日リマインド】明日 2026/08/01 10:00 に先着販売が開始します。

■ 公演: 本公演　１回目
■ 公演日: 2026/10/04(日)
■ 場所: なんばグランド花月（大阪府）
■ 出演: ドンデコルテ
■ 先着受付開始: 2026/08/01 10:00

https://ticket.fany.lol/reception/60625/24882
----------------------------------------
【前日リマインド】明日 2026/08/01 10:00 に先着販売が開始します。

■ 公演: 本公演　２回目
■ 公演日: 2026/10/04(日)
■ 場所: なんばグランド花月（大阪府）
■ 出演: ドンデコルテ
■ 先着受付開始: 2026/08/01 10:00

https://ticket.fany.lol/reception/60625/24883
----------------------------------------
【前日リマインド】明日 2026/08/01 10:00 に先着販売が開始します。

■ 公演: 本公演　３回目
■ 公演日: 2026/10/04(日)
■ 場所: なんばグランド花月（大阪府）
■ 出演: ドンデコルテ
■ 先着受付開始: 2026/08/01 10:00

https://ticket.fany.lol/reception/60625/24884
----------------------------------------
【前日リマインド】明日 2026/08/01 10:00 に先着販売が開始します。

■ 公演: シシガシラpresents　おじさんと遊んでくれませんか？
■ 公演日: 2026/09/20(日)
■ 場所: 大宮ラクーンよしもと劇場（埼玉県）
■ 出演: 素敵じゃないか
■ 先着受付開始: 2026/08/01 10:00

https://ticket.fany.lol/reception/61920/50340
----------------------------------------
【前日リマインド】明日 2026/08/01 10:00 に先着販売が開始します。

■ 公演: オズワルドさんたら、もう！
■ 公演日: 2026/09/20(日)
■ 場所: 大宮ラクーンよしもと劇場（埼玉県）
■ 出演: 素敵じゃないか
■ 先着受付開始: 2026/08/01 10:00

https://ticket.fany.lol/reception/61921/50339
----------------------------------------
【前日リマインド】明日 2026/08/01 10:00 に先着販売が開始します。

■ 公演: 下北ウホウホ
■ 公演日: 2026/08/28(金)
■ 場所: 下北沢シアターミネルヴァ（東京都）
■ 出演: CITY
■ 先着受付開始: 2026/08/01 10:00

https://ticket.fany.lol/reception/62440/50385
----------------------------------------
【前日リマインド】明日 2026/08/01 10:00 に先着販売が開始します。

■ 公演: 【通期パス（2日券）・11/7(土)1日券】たくろう万博
■ 公演日: 2026/11/07(土)
■ 場所: 万博記念公園もみじ川芝生広場 （大阪府）
■ 出演: ドンデコルテ
■ 先着受付開始: 2026/08/01 10:00

https://ticket.fany.lol/reception/59452/48112
----------------------------------------
【前日リマインド】明日 2026/08/01 10:00 に先着販売が開始します。

■ 公演: 【11/8(日)1日券】たくろう万博
■ 公演日: 2026/11/08(日)
■ 場所: 万博記念公園もみじ川芝生広場 （大阪府）
■ 出演: ドンデコルテ
■ 先着受付開始: 2026/08/01 10:00

https://ticket.fany.lol/reception/59452/48125
----------------------------------------
@everyone
CITY出演公演が追加されました！

■ 公演タイトル: 続・新ネタ病棟24時～夏といえば熱中症？いやいや、ネタに・・・
■ 公演日: 2026/08/28(金)
■ 場所: 下北沢シアターミネルヴァ（東京都）
■ 出演者: しゅんしゅんクリニックP
ゲスト：CITY、太鵬、おばあちゃん
■ 申し込み日程:
　- 先着受付開始: 2026/08/01 10:00（先着発売前）

https://ticket.fany.lol/reception/62850/50581
----------------------------------------
✅ 追加の公演はありませんでした（2026-08-01 06:48 時点）
----------------------------------------
【本日】まもなく 2026/08/01 10:00 に先着販売が開始します。

■ 公演: 東京グランド花月
■ 公演日: 2026/09/20(日)
■ 場所: IMM THEATER（東京都）
■ 出演: ドンデコルテ
■ 先着受付開始: 2026/08/01 10:00

https://ticket.fany.lol/reception/60257/49201
----------------------------------------
【本日】まもなく 2026/08/01 10:00 に先着販売が開始します。

■ 公演: 本公演　４回目※小学生割あり
■ 公演日: 2026/10/03(土)
■ 場所: なんばグランド花月（大阪府）
■ 出演: ドンデコルテ
■ 先着受付開始: 2026/08/01 10:00

https://ticket.fany.lol/reception/60625/24881
----------------------------------------
【本日】まもなく 2026/08/01 10:00 に先着販売が開始します。

■ 公演: 本公演　１回目
■ 公演日: 2026/10/04(日)
■ 場所: なんばグランド花月（大阪府）
■ 出演: ドンデコルテ
■ 先着受付開始: 2026/08/01 10:00

https://ticket.fany.lol/reception/60625/24882
----------------------------------------
【本日】まもなく 2026/08/01 10:00 に先着販売が開始します。

■ 公演: 本公演　２回目
■ 公演日: 2026/10/04(日)
■ 場所: なんばグランド花月（大阪府）
■ 出演: ドンデコルテ
■ 先着受付開始: 2026/08/01 10:00

https://ticket.fany.lol/reception/60625/24883
----------------------------------------
【本日】まもなく 2026/08/01 10:00 に先着販売が開始します。

■ 公演: 本公演　３回目
■ 公演日: 2026/10/04(日)
■ 場所: なんばグランド花月（大阪府）
■ 出演: ドンデコルテ
■ 先着受付開始: 2026/08/01 10:00

https://ticket.fany.lol/reception/60625/24884
----------------------------------------
【本日】まもなく 2026/08/01 10:00 に先着販売が開始します。

■ 公演: シシガシラpresents　おじさんと遊んでくれませんか？
■ 公演日: 2026/09/20(日)
■ 場所: 大宮ラクーンよしもと劇場（埼玉県）
■ 出演: 素敵じゃないか
■ 先着受付開始: 2026/08/01 10:00

https://ticket.fany.lol/reception/61920/50340
----------------------------------------
【本日】まもなく 2026/08/01 10:00 に先着販売が開始します。

■ 公演: オズワルドさんたら、もう！
■ 公演日: 2026/09/20(日)
■ 場所: 大宮ラクーンよしもと劇場（埼玉県）
■ 出演: 素敵じゃないか
■ 先着受付開始: 2026/08/01 10:00

https://ticket.fany.lol/reception/61921/50339
----------------------------------------
【本日】まもなく 2026/08/01 10:00 に先着販売が開始します。

■ 公演: 下北ウホウホ
■ 公演日: 2026/08/28(金)
■ 場所: 下北沢シアターミネルヴァ（東京都）
■ 出演: CITY
■ 先着受付開始: 2026/08/01 10:00

https://ticket.fany.lol/reception/62440/50385
----------------------------------------
【本日】まもなく 2026/08/01 10:00 に先着販売が開始します。

■ 公演: 【通期パス（2日券）・11/7(土)1日券】たくろう万博
■ 公演日: 2026/11/07(土)
■ 場所: 万博記念公園もみじ川芝生広場 （大阪府）
■ 出演: ドンデコルテ
■ 先着受付開始: 2026/08/01 10:00

https://ticket.fany.lol/reception/59452/48112
----------------------------------------
【本日】まもなく 2026/08/01 10:00 に先着販売が開始します。

■ 公演: 【11/8(日)1日券】たくろう万博
■ 公演日: 2026/11/08(日)
■ 場所: 万博記念公園もみじ川芝生広場 （大阪府）
■ 出演: ドンデコルテ
■ 先着受付開始: 2026/08/01 10:00

https://ticket.fany.lol/reception/59452/48125
----------------------------------------
【本日】まもなく 2026/08/01 10:00 に先着販売が開始します。

■ 公演: 続・新ネタ病棟24時～夏といえば熱中症？いやいや、ネタに・・・
■ 公演日: 2026/08/28(金)
■ 場所: 下北沢シアターミネルヴァ（東京都）
■ 出演: CITY
■ 先着受付開始: 2026/08/01 10:00

https://ticket.fany.lol/reception/62850/50581
----------------------------------------
@everyone
素敵じゃないか出演公演が追加されました！

■ 公演タイトル: Shhhh！！！～騒がしい芸人が今日は静かにゲームコーナー！～
■ 公演日: 2026/09/23(水・祝)
■ 場所: 大宮ラクーンよしもと劇場（埼玉県）
■ 出演者: 素敵じゃないか／生ファラオ／マリーマリー／他
■ 申し込み日程:
　- 抽選受付[●FANY IDプレミアムメンバー抽選先行]: 2026/08/02 11:00 〜 2026/08/04 11:00（抽選受付前）
　- 抽選受付[FANY IDメンバー抽選先行]: 2026/08/02 11:00 〜 2026/08/04 11:00（抽選受付前）
　- 先着受付開始: 2026/08/06 10:00（先着発売前）

https://ticket.fany.lol/reception/63118/50667
----------------------------------------
📢 他3件の公演が追加されました
・タコスのタコスパーティー！（2026/09/23(水・祝)） https://ticket.fany.lol/reception/63119/50666
・オーミヤンズV定期公演～ネタと企画～（2026/09/28(月)） https://ticket.fany.lol/reception/62833/50576
・オーミヤンズV若返りの道～ちょうどおじさんとお兄さんの・・・（2026/09/28(月)） https://ticket.fany.lol/reception/62835/50575
----------------------------------------
✅ 追加の公演はありませんでした（2026-08-02 00:43 時点）
----------------------------------------
✅ 追加の公演はありませんでした（2026-08-02 05:39 時点）
----------------------------------------
✅ 追加の公演はありませんでした（2026-08-02 16:56 時点）
----------------------------------------
✅ 追加の公演はありませんでした（2026-08-03 00:48 時点）
----------------------------------------
✅ 追加の公演はありませんでした（2026-08-03 06:14 時点）
----------------------------------------
@everyone
CITY／素敵じゃないか出演公演が追加されました！

■ 公演タイトル: オールウェイズ！漫才劇場の日 1日目
■ 公演日: 2026/08/13(木)
■ 場所: 神保町よしもと漫才劇場（東京都）
■ 出演者: [企画ライブ]CITY／くらげ／素敵じゃないか／ド桜／定点計画／ザンゾウ／エグい速さ／照山おうちごはん／ドンココ／あなたとネ／他
■ 申し込み日程:
　- 抽選受付[●FANY IDプレミアムメンバー抽選先行]: 2026/08/04 11:00 〜 2026/08/06 11:00（抽選受付前）
　- 抽選受付[FANY IDメンバー抽選先行]: 2026/08/04 11:00 〜 2026/08/06 11:00（抽選受付前）
　- 先着受付開始: 2026/08/08 10:00（先着発売前）

https://ticket.fany.lol/reception/63000/50642
----------------------------------------
@everyone
素敵じゃないか出演公演が追加されました！

■ 公演タイトル: ルミネtheよしもと お盆特別興行＜1回目＞
■ 公演日: 2026/08/08(土)
■ 場所: ルミネtheよしもと（東京都）
■ 出演者: 中川家／千鳥／村上ショージ／矢野・兵動／NON STYLE／ライス／しずる／トット／ロングコートダディ／素敵じゃないか
■ 申し込み日程:
　- 先着受付開始: 2026/06/27 10:00（先着発売中）
　- 抽選受付[●FANY IDプレミアムメンバー抽選先行]: 2026/06/22 11:00 〜 2026/06/24 11:00（抽選受付終了）
　- 抽選受付[FANY IDメンバー抽選先行]: 2026/06/22 11:00 〜 2026/06/24 11:00（抽選受付終了）

https://ticket.fany.lol/reception/56435/46528
----------------------------------------
📢 他1件の公演が追加されました
・誰かno寄席（2026/09/06(日)） https://ticket.fany.lol/reception/62110/50357
----------------------------------------
✅ 追加の公演はありませんでした（2026-08-03 23:40 時点）
----------------------------------------
@everyone
ドンデコルテ出演公演が追加されました！

■ 公演タイトル: 怖い話を怖くなる直前でやめるライブ
■ 公演日: 2026/08/27(木)
■ 場所: 新宿シアターモリエール（東京都）
■ 出演者: 聞き手：たくろうきむらバンド、ドンデコルテ小橋
語り手：ラニーノーズ山田健人、11月のリサまむ、ポンゴシークエンスはやとも、太田満塁ホームラン
■ 申し込み日程:
　- 抽選受付[●FANY IDプレミアムメンバー抽選先行]: 2026/08/04 11:00 〜 2026/08/06 11:00（抽選受付前）
　- 抽選受付[FANY IDメンバー抽選先行]: 2026/08/04 11:00 〜 2026/08/06 11:00（抽選受付前）
　- 先着受付開始: 2026/08/11 10:00（先着発売前）

https://ticket.fany.lol/reception/63010/50646
----------------------------------------
📢 他1件の公演が追加されました
・月刊ツーナッカン～今夜はツーマン～（2026/09/06(日)） https://ticket.fany.lol/reception/63042/50668
----------------------------------------
✅ 追加の公演はありませんでした（2026-08-04 11:35 時点）
----------------------------------------
@everyone
ドンデコルテ出演公演が追加されました！

■ 公演タイトル: 渋谷Kiwami極LIVE
■ 公演日: 2026/08/06(木)
■ 場所: 渋谷よしもと漫才劇場（東京都）
■ 出演者: [ネタ＆コーナーライブ]ダンビラムーチョ／ドンデコルテ／エルフ／からし蓮根／ブラゴーリ／ソマオ・ミートボール／軟水／ピュート／インテイク／鉄人小町
[ コーナー出演者]ダンビラムーチョ／からし蓮根／軟水／ピュート／鉄人小町
■ 申し込み日程:
　- 先着受付開始: 2026/07/05 10:00（先着発売中）
　- 抽選受付[●FANY IDプレミアムメンバー抽選先行]: 2026/06/25 11:00 〜 2026/06/28 11:00（抽選受付終了）
　- 抽選受付[FANY IDメンバー抽選先行]: 2026/06/25 11:00 〜 2026/06/28 11:00（抽選受付終了）

https://ticket.fany.lol/reception/56746/46746
----------------------------------------
@everyone
ドンデコルテ出演公演が追加されました！

■ 公演タイトル: よしもとお笑い森ノ宮劇場　お盆寄席
■ 公演日: 2026/08/15(土)
■ 場所: COOL JAPAN PARK OSAKA TTホール（大阪府）
■ 出演者: 矢野・兵動／テンダラー／マヂカルラブリー／トット／ドンデコルテ／天才ピアニスト
[新喜劇]辻本茂雄／安尾信乃助／高井俊彦／平山昌雄／瀧見信行／松本慎一郎／清水啓之／レイチェル／玉置洋行／永田良輔／多和田上人／生瀬行人／たかおみゆき／小林ゆう
■ 申し込み日程:
　- 先着受付開始: 2026/06/01 10:00（先着発売中）

https://ticket.fany.lol/reception/55080/45311
----------------------------------------
【前日リマインド】明日 2026/08/05 10:00 に先着販売が開始します。

■ 公演: 幕張平日ネタプレミアム１４時
■ 公演日: 2026/09/01(火)
■ 場所: よしもと幕張イオンモール劇場（千葉県）
■ 出演: ドンデコルテ
■ 先着受付開始: 2026/08/05 10:00

https://ticket.fany.lol/reception/61125/49743
----------------------------------------
【前日リマインド】明日 2026/08/05 10:00 に先着販売が開始します。

■ 公演: 幕張平日ネタプレミアム１６時
■ 公演日: 2026/09/01(火)
■ 場所: よしもと幕張イオンモール劇場（千葉県）
■ 出演: ドンデコルテ
■ 先着受付開始: 2026/08/05 10:00

https://ticket.fany.lol/reception/61125/49744
----------------------------------------
【前日リマインド】明日 2026/08/05 10:00 に先着販売が開始します。

■ 公演: ルミネtheよしもと 平日１４時の部
■ 公演日: 2026/10/08(木)
■ 場所: ルミネtheよしもと（東京都）
■ 出演: ドンデコルテ
■ 先着受付開始: 2026/08/05 10:00

https://ticket.fany.lol/reception/61224/22322
----------------------------------------
【前日リマインド】明日 2026/08/05 10:00 に先着販売が開始します。

■ 公演: ルミネtheよしもと 平日１６時の部
■ 公演日: 2026/10/08(木)
■ 場所: ルミネtheよしもと（東京都）
■ 出演: ドンデコルテ
■ 先着受付開始: 2026/08/05 10:00

https://ticket.fany.lol/reception/61224/22323
----------------------------------------
【前日リマインド】明日 2026/08/05 10:00 に先着販売が開始します。

■ 公演: ルミネtheよしもと 土日祝１１時の部プレミアム
■ 公演日: 2026/10/11(日)
■ 場所: ルミネtheよしもと（東京都）
■ 出演: ドンデコルテ
■ 先着受付開始: 2026/08/05 10:00

https://ticket.fany.lol/reception/61249/49727
----------------------------------------
【前日リマインド】明日 2026/08/05 10:00 に先着販売が開始します。

■ 公演: ルミネtheよしもと 土日祝１３時３０分の部プレミアム
■ 公演日: 2026/10/11(日)
■ 場所: ルミネtheよしもと（東京都）
■ 出演: ドンデコルテ
■ 先着受付開始: 2026/08/05 10:00

https://ticket.fany.lol/reception/61249/49728
----------------------------------------
【前日リマインド】明日 2026/08/05 10:00 に先着販売が開始します。

■ 公演: ルミネtheよしもと 土日祝１６時の部プレミアム
■ 公演日: 2026/10/11(日)
■ 場所: ルミネtheよしもと（東京都）
■ 出演: ドンデコルテ
■ 先着受付開始: 2026/08/05 10:00

https://ticket.fany.lol/reception/61249/49729
----------------------------------------
【前日リマインド】明日 2026/08/05 10:00 に先着販売が開始します。

■ 公演: ルミネtheよしもと 土日祝１１時の部プレミアム
■ 公演日: 2026/10/18(日)
■ 場所: ルミネtheよしもと（東京都）
■ 出演: ドンデコルテ
■ 先着受付開始: 2026/08/05 10:00

https://ticket.fany.lol/reception/61249/49732
----------------------------------------
【前日リマインド】明日 2026/08/05 10:00 に先着販売が開始します。

■ 公演: ルミネtheよしもと 土日祝１３時３０分の部プレミアム
■ 公演日: 2026/10/18(日)
■ 場所: ルミネtheよしもと（東京都）
■ 出演: ドンデコルテ
■ 先着受付開始: 2026/08/05 10:00

https://ticket.fany.lol/reception/61249/49733
----------------------------------------
【前日リマインド】明日 2026/08/05 10:00 に先着販売が開始します。

■ 公演: 幕張平日ネタＳＰ１４時
■ 公演日: 2026/09/16(水)
■ 場所: よしもと幕張イオンモール劇場（千葉県）
■ 出演: CITY
■ 先着受付開始: 2026/08/05 10:00

https://ticket.fany.lol/reception/61093/49711
----------------------------------------
【前日リマインド】明日 2026/08/05 10:00 に先着販売が開始します。

■ 公演: 幕張平日ネタＳＰ１６時
■ 公演日: 2026/09/16(水)
■ 場所: よしもと幕張イオンモール劇場（千葉県）
■ 出演: CITY
■ 先着受付開始: 2026/08/05 10:00

https://ticket.fany.lol/reception/61093/49712
----------------------------------------
【前日リマインド】明日 2026/08/05 10:00 に先着販売が開始します。

■ 公演: 幕張土日祝ネタＳＰ１２時
■ 公演日: 2026/09/20(日)
■ 場所: よしもと幕張イオンモール劇場（千葉県）
■ 出演: CITY
■ 先着受付開始: 2026/08/05 10:00

https://ticket.fany.lol/reception/61100/49751
----------------------------------------
【前日リマインド】明日 2026/08/05 10:00 に先着販売が開始します。

■ 公演: 幕張土日祝ネタＳＰ１４時
■ 公演日: 2026/09/20(日)
■ 場所: よしもと幕張イオンモール劇場（千葉県）
■ 出演: CITY
■ 先着受付開始: 2026/08/05 10:00

https://ticket.fany.lol/reception/61100/49752
----------------------------------------
【前日リマインド】明日 2026/08/05 10:00 に先着販売が開始します。

■ 公演: 幕張土日祝ネタＳＰ１６時
■ 公演日: 2026/09/20(日)
■ 場所: よしもと幕張イオンモール劇場（千葉県）
■ 出演: CITY
■ 先着受付開始: 2026/08/05 10:00

https://ticket.fany.lol/reception/61100/49753
----------------------------------------
【前日リマインド】明日 2026/08/05 10:00 に先着販売が開始します。

■ 公演: 幕張土日祝ネタＳＰ１２時
■ 公演日: 2026/09/27(日)
■ 場所: よしもと幕張イオンモール劇場（千葉県）
■ 出演: 素敵じゃないか
■ 先着受付開始: 2026/08/05 10:00

https://ticket.fany.lol/reception/61100/49757
----------------------------------------
【前日リマインド】明日 2026/08/05 10:00 に先着販売が開始します。

■ 公演: 幕張土日祝ネタＳＰ１４時
■ 公演日: 2026/09/27(日)
■ 場所: よしもと幕張イオンモール劇場（千葉県）
■ 出演: 素敵じゃないか
■ 先着受付開始: 2026/08/05 10:00

https://ticket.fany.lol/reception/61100/49758
----------------------------------------
【前日リマインド】明日 2026/08/05 10:00 に先着販売が開始します。

■ 公演: 幕張土日祝ネタＳＰ１６時
■ 公演日: 2026/09/27(日)
■ 場所: よしもと幕張イオンモール劇場（千葉県）
■ 出演: 素敵じゃないか
■ 先着受付開始: 2026/08/05 10:00

https://ticket.fany.lol/reception/61100/49759
----------------------------------------
【前日リマインド】明日 2026/08/05 10:00 に先着販売が開始します。

■ 公演: ルミネtheよしもと 平日１２時の部 プラス
■ 公演日: 2026/10/16(金)
■ 場所: ルミネtheよしもと（東京都）
■ 出演: 素敵じゃないか
■ 先着受付開始: 2026/08/05 10:00

https://ticket.fany.lol/reception/61242/49680
----------------------------------------
【前日リマインド】明日 2026/08/05 10:00 に先着販売が開始します。

■ 公演: ルミネtheよしもと 平日１４時の部 プラス
■ 公演日: 2026/10/16(金)
■ 場所: ルミネtheよしもと（東京都）
■ 出演: 素敵じゃないか
■ 先着受付開始: 2026/08/05 10:00

https://ticket.fany.lol/reception/61242/49681
----------------------------------------
【前日リマインド】明日 2026/08/05 10:00 に先着販売が開始します。

■ 公演: ルミネtheよしもと 平日１６時の部 プラス
■ 公演日: 2026/10/16(金)
■ 場所: ルミネtheよしもと（東京都）
■ 出演: 素敵じゃないか
■ 先着受付開始: 2026/08/05 10:00

https://ticket.fany.lol/reception/61242/49682
----------------------------------------
【前日リマインド】明日 2026/08/05 10:00 に先着販売が開始します。

■ 公演: 渋谷Kiwami極LIVE
■ 公演日: 2026/09/01(火)
■ 場所: 渋谷よしもと漫才劇場（東京都）
■ 出演: ドンデコルテ
■ 先着受付開始: 2026/08/05 10:00

https://ticket.fany.lol/reception/60594/49447
----------------------------------------
【前日リマインド】明日 2026/08/05 10:00 に先着販売が開始します。

■ 公演: 渋谷マンゲキお笑いライブ
■ 公演日: 2026/09/20(日)
■ 場所: 渋谷よしもと漫才劇場（東京都）
■ 出演: ドンデコルテ
■ 先着受付開始: 2026/08/05 10:00

https://ticket.fany.lol/reception/61296/49870
----------------------------------------
【前日リマインド】明日 2026/08/05 10:00 に先着販売が開始します。

■ 公演: 渋谷マンゲキお笑いライブ
■ 公演日: 2026/09/20(日)
■ 場所: 渋谷よしもと漫才劇場（東京都）
■ 出演: ドンデコルテ
■ 先着受付開始: 2026/08/05 10:00

https://ticket.fany.lol/reception/61296/49880
----------------------------------------
【前日リマインド】明日 2026/08/05 10:00 に先着販売が開始します。

■ 公演: 渋谷マンゲキお笑いライブ
■ 公演日: 2026/09/20(日)
■ 場所: 渋谷よしもと漫才劇場（東京都）
■ 出演: ドンデコルテ
■ 先着受付開始: 2026/08/05 10:00

https://ticket.fany.lol/reception/61296/49890
----------------------------------------
【前日リマインド】明日 2026/08/05 10:00 に先着販売が開始します。

■ 公演: juichigatsunorisaばちばちライブ
■ 公演日: 2026/09/20(日)
■ 場所: 渋谷よしもと漫才劇場（東京都）
■ 出演: ドンデコルテ
■ 先着受付開始: 2026/08/05 10:00

https://ticket.fany.lol/reception/60979/49590
----------------------------------------
【前日リマインド】明日 2026/08/05 10:00 に先着販売が開始します。

■ 公演: 漫才師ユニット男坂38
■ 公演日: 2026/09/20(日)
■ 場所: 渋谷よしもと漫才劇場（東京都）
■ 出演: ドンデコルテ／素敵じゃないか
■ 先着受付開始: 2026/08/05 10:00

https://ticket.fany.lol/reception/60980/49603
----------------------------------------
【前日リマインド】明日 2026/08/05 10:00 に先着販売が開始します。

■ 公演: 伊織VS石井　世紀の5番勝負
■ 公演日: 2026/09/01(火)
■ 場所: 神保町よしもと漫才劇場（東京都）
■ 出演: CITY
■ 先着受付開始: 2026/08/05 10:00

https://ticket.fany.lol/reception/60754/49524
----------------------------------------
【前日リマインド】明日 2026/08/05 10:00 に先着販売が開始します。

■ 公演: ドンココりゅうpresents 「りゅう同期ライブ」
■ 公演日: 2026/09/02(水)
■ 場所: 神保町よしもと漫才劇場（東京都）
■ 出演: CITY
■ 先着受付開始: 2026/08/05 10:00

https://ticket.fany.lol/reception/60757/49536
----------------------------------------
【前日リマインド】明日 2026/08/05 10:00 に先着販売が開始します。

■ 公演: 渋谷Kiwami極LIVEプラス＋
■ 公演日: 2026/09/04(金)
■ 場所: 渋谷よしもと漫才劇場（東京都）
■ 出演: CITY
■ 先着受付開始: 2026/08/05 10:00

https://ticket.fany.lol/reception/60602/49456
----------------------------------------
【前日リマインド】明日 2026/08/05 10:00 に先着販売が開始します。

■ 公演: 【擬音】
■ 公演日: 2026/09/05(土)
■ 場所: 神保町よしもと漫才劇場（東京都）
■ 出演: CITY
■ 先着受付開始: 2026/08/05 10:00

https://ticket.fany.lol/reception/60763/49539
----------------------------------------
【前日リマインド】明日 2026/08/05 10:00 に先着販売が開始します。

■ 公演: 神保町マンゲキお笑いライブ
■ 公演日: 2026/09/12(土)
■ 場所: 神保町よしもと漫才劇場（東京都）
■ 出演: CITY
■ 先着受付開始: 2026/08/05 10:00

https://ticket.fany.lol/reception/61274/49827
----------------------------------------
【前日リマインド】明日 2026/08/05 10:00 に先着販売が開始します。

■ 公演: 神保町マンゲキお笑いライブ
■ 公演日: 2026/09/12(土)
■ 場所: 神保町よしもと漫才劇場（東京都）
■ 出演: CITY
■ 先着受付開始: 2026/08/05 10:00

https://ticket.fany.lol/reception/61274/49826
----------------------------------------
【前日リマインド】明日 2026/08/05 10:00 に先着販売が開始します。

■ 公演: 神保町マンゲキお笑いライブ
■ 公演日: 2026/09/12(土)
■ 場所: 神保町よしもと漫才劇場（東京都）
■ 出演: CITY
■ 先着受付開始: 2026/08/05 10:00

https://ticket.fany.lol/reception/61274/49844
----------------------------------------
【前日リマインド】明日 2026/08/05 10:00 に先着販売が開始します。

■ 公演: CITY石井VSエルフ荒川
■ 公演日: 2026/09/14(月)
■ 場所: 渋谷よしもと漫才劇場（東京都）
■ 出演: CITY
■ 先着受付開始: 2026/08/05 10:00

https://ticket.fany.lol/reception/60971/49611
----------------------------------------
【前日リマインド】明日 2026/08/05 10:00 に先着販売が開始します。

■ 公演: 先輩後輩コンビ寄席
■ 公演日: 2026/09/14(月)
■ 場所: 渋谷よしもと漫才劇場（東京都）
■ 出演: CITY
■ 先着受付開始: 2026/08/05 10:00

https://ticket.fany.lol/reception/60972/49589
----------------------------------------
【前日リマインド】明日 2026/08/05 10:00 に先着販売が開始します。

■ 公演: 渋谷Kiwami極LIVE
■ 公演日: 2026/09/25(金)
■ 場所: 渋谷よしもと漫才劇場（東京都）
■ 出演: CITY
■ 先着受付開始: 2026/08/05 10:00

https://ticket.fany.lol/reception/60594/49454
----------------------------------------
【前日リマインド】明日 2026/08/05 10:00 に先着販売が開始します。

■ 公演: 神保町マンゲキお笑いライブ
■ 公演日: 2026/09/27(日)
■ 場所: 神保町よしもと漫才劇場（東京都）
■ 出演: CITY
■ 先着受付開始: 2026/08/05 10:00

https://ticket.fany.lol/reception/61274/49841
----------------------------------------
【前日リマインド】明日 2026/08/05 10:00 に先着販売が開始します。

■ 公演: 神保町マンゲキお笑いライブ
■ 公演日: 2026/09/27(日)
■ 場所: 神保町よしもと漫才劇場（東京都）
■ 出演: CITY
■ 先着受付開始: 2026/08/05 10:00

https://ticket.fany.lol/reception/61274/49840
----------------------------------------
【前日リマインド】明日 2026/08/05 10:00 に先着販売が開始します。

■ 公演: 神保町マンゲキお笑いライブ
■ 公演日: 2026/09/27(日)
■ 場所: 神保町よしもと漫才劇場（東京都）
■ 出演: CITY
■ 先着受付開始: 2026/08/05 10:00

https://ticket.fany.lol/reception/61274/49851
----------------------------------------
【前日リマインド】明日 2026/08/05 10:00 に先着販売が開始します。

■ 公演: 絶対漫才！
■ 公演日: 2026/09/02(水)
■ 場所: 渋谷よしもと漫才劇場（東京都）
■ 出演: 素敵じゃないか
■ 先着受付開始: 2026/08/05 10:00

https://ticket.fany.lol/reception/60574/49437
----------------------------------------
【前日リマインド】明日 2026/08/05 10:00 に先着販売が開始します。

■ 公演: 渋谷Kiwami極LIVEプラス＋
■ 公演日: 2026/09/03(木)
■ 場所: 渋谷よしもと漫才劇場（東京都）
■ 出演: 素敵じゃないか
■ 先着受付開始: 2026/08/05 10:00

https://ticket.fany.lol/reception/60602/49455
----------------------------------------
【前日リマインド】明日 2026/08/05 10:00 に先着販売が開始します。

■ 公演: 神保町マンゲキお笑いライブ
■ 公演日: 2026/09/05(土)
■ 場所: 神保町よしもと漫才劇場（東京都）
■ 出演: 素敵じゃないか
■ 先着受付開始: 2026/08/05 10:00

https://ticket.fany.lol/reception/61274/49823
----------------------------------------
【前日リマインド】明日 2026/08/05 10:00 に先着販売が開始します。

■ 公演: 神保町マンゲキお笑いライブ
■ 公演日: 2026/09/05(土)
■ 場所: 神保町よしもと漫才劇場（東京都）
■ 出演: 素敵じゃないか
■ 先着受付開始: 2026/08/05 10:00

https://ticket.fany.lol/reception/61274/49822
----------------------------------------
【前日リマインド】明日 2026/08/05 10:00 に先着販売が開始します。

■ 公演: 神保町マンゲキお笑いライブ
■ 公演日: 2026/09/05(土)
■ 場所: 神保町よしもと漫才劇場（東京都）
■ 出演: 素敵じゃないか
■ 先着受付開始: 2026/08/05 10:00

https://ticket.fany.lol/reception/61274/49842
----------------------------------------
【前日リマインド】明日 2026/08/05 10:00 に先着販売が開始します。

■ 公演: 濁
■ 公演日: 2026/09/10(木)
■ 場所: 渋谷よしもと漫才劇場（東京都）
■ 出演: 素敵じゃないか
■ 先着受付開始: 2026/08/05 10:00

https://ticket.fany.lol/reception/60964/49616
----------------------------------------
【前日リマインド】明日 2026/08/05 10:00 に先着販売が開始します。

■ 公演: 渋谷Kiwami極LIVEプラス＋
■ 公演日: 2026/09/11(金)
■ 場所: 渋谷よしもと漫才劇場（東京都）
■ 出演: 素敵じゃないか
■ 先着受付開始: 2026/08/05 10:00

https://ticket.fany.lol/reception/60602/49458
----------------------------------------
【前日リマインド】明日 2026/08/05 10:00 に先着販売が開始します。

■ 公演: 渋谷マンゲキお笑いライブ
■ 公演日: 2026/09/13(日)
■ 場所: 渋谷よしもと漫才劇場（東京都）
■ 出演: 素敵じゃないか
■ 先着受付開始: 2026/08/05 10:00

https://ticket.fany.lol/reception/61296/49869
----------------------------------------
【前日リマインド】明日 2026/08/05 10:00 に先着販売が開始します。

■ 公演: 渋谷マンゲキお笑いライブ
■ 公演日: 2026/09/13(日)
■ 場所: 渋谷よしもと漫才劇場（東京都）
■ 出演: 素敵じゃないか
■ 先着受付開始: 2026/08/05 10:00

https://ticket.fany.lol/reception/61296/49879
----------------------------------------
【前日リマインド】明日 2026/08/05 10:00 に先着販売が開始します。

■ 公演: 渋谷マンゲキお笑いライブ
■ 公演日: 2026/09/13(日)
■ 場所: 渋谷よしもと漫才劇場（東京都）
■ 出演: 素敵じゃないか
■ 先着受付開始: 2026/08/05 10:00

https://ticket.fany.lol/reception/61296/49889
----------------------------------------
【前日リマインド】明日 2026/08/05 10:00 に先着販売が開始します。

■ 公演: ド桜のコーナーライブ「桜会」
■ 公演日: 2026/09/16(水)
■ 場所: 渋谷よしもと漫才劇場（東京都）
■ 出演: 素敵じゃないか
■ 先着受付開始: 2026/08/05 10:00

https://ticket.fany.lol/reception/60974/49591
----------------------------------------
【前日リマインド】明日 2026/08/05 10:00 に先着販売が開始します。

■ 公演: 【芸辞苑】
■ 公演日: 2026/09/18(金)
■ 場所: 神保町よしもと漫才劇場（東京都）
■ 出演: 素敵じゃないか
■ 先着受付開始: 2026/08/05 10:00

https://ticket.fany.lol/reception/60493/49412
----------------------------------------
【前日リマインド】明日 2026/08/05 10:00 に先着販売が開始します。

■ 公演: 渋谷マンゲキお笑いライブ
■ 公演日: 2026/09/22(火)
■ 場所: 渋谷よしもと漫才劇場（東京都）
■ 出演: 素敵じゃないか
■ 先着受付開始: 2026/08/05 10:00

https://ticket.fany.lol/reception/61296/49872
----------------------------------------
【前日リマインド】明日 2026/08/05 10:00 に先着販売が開始します。

■ 公演: 渋谷マンゲキお笑いライブ
■ 公演日: 2026/09/22(火)
■ 場所: 渋谷よしもと漫才劇場（東京都）
■ 出演: 素敵じゃないか
■ 先着受付開始: 2026/08/05 10:00

https://ticket.fany.lol/reception/61296/49882
----------------------------------------
【前日リマインド】明日 2026/08/05 10:00 に先着販売が開始します。

■ 公演: 渋谷マンゲキお笑いライブ
■ 公演日: 2026/09/22(火)
■ 場所: 渋谷よしもと漫才劇場（東京都）
■ 出演: 素敵じゃないか
■ 先着受付開始: 2026/08/05 10:00

https://ticket.fany.lol/reception/61296/49892
----------------------------------------
【前日リマインド】明日 2026/08/05 10:00 に先着販売が開始します。

■ 公演: 東京新世界
■ 公演日: 2026/09/26(土)
■ 場所: 神保町よしもと漫才劇場（東京都）
■ 出演: 素敵じゃないか
■ 先着受付開始: 2026/08/05 10:00

https://ticket.fany.lol/reception/60793/49531
----------------------------------------
【前日リマインド】明日 2026/08/05 10:00 に先着販売が開始します。

■ 公演: 四分漫才結社
■ 公演日: 2026/09/30(水)
■ 場所: 神保町よしもと漫才劇場（東京都）
■ 出演: 素敵じゃないか
■ 先着受付開始: 2026/08/05 10:00

https://ticket.fany.lol/reception/60801/49529
----------------------------------------
【前日リマインド】明日 2026/08/05 10:00 に先着販売が開始します。

■ 公演: 六本木お笑いコントライブ！
■ 公演日: 2026/09/05(土)
■ 場所: YOSHIMOTO ROPPONGI THEATER（東京都）
■ 出演: ドンデコルテ
■ 先着受付開始: 2026/08/05 10:00

https://ticket.fany.lol/reception/60605/49461
----------------------------------------
【前日リマインド】明日 2026/08/05 10:00 に先着販売が開始します。

■ 公演: 六本木お笑いコントライブ！
■ 公演日: 2026/09/05(土)
■ 場所: YOSHIMOTO ROPPONGI THEATER（東京都）
■ 出演: ドンデコルテ
■ 先着受付開始: 2026/08/05 10:00

https://ticket.fany.lol/reception/60605/49471
----------------------------------------
【前日リマインド】明日 2026/08/05 10:00 に先着販売が開始します。

■ 公演: 渡辺銀次とネルソンズとちょんまげラーメンの同期ライブ・・・
■ 公演日: 2026/09/12(土)
■ 場所: よしもと福岡 大和証券劇場（福岡県）
■ 出演: ドンデコルテ／渡辺銀次
■ 先着受付開始: 2026/08/05 10:00

https://ticket.fany.lol/reception/61835/50135
----------------------------------------
【前日リマインド】明日 2026/08/05 10:00 に先着販売が開始します。

■ 公演: Kiwami極LIVEプラス
■ 公演日: 2026/09/16(水)
■ 場所: よしもと漫才劇場（大阪府）
■ 出演: ドンデコルテ
■ 先着受付開始: 2026/08/05 10:00

https://ticket.fany.lol/reception/61600/50029
----------------------------------------
【前日リマインド】明日 2026/08/05 10:00 に先着販売が開始します。

■ 公演: 素敵やないか5
■ 公演日: 2026/09/17(木)
■ 場所: 森ノ宮よしもと漫才劇場（大阪府）
■ 出演: 素敵じゃないか
■ 先着受付開始: 2026/08/05 10:00

https://ticket.fany.lol/reception/62042/50205
----------------------------------------
【前日リマインド】明日 2026/08/05 10:00 に先着販売が開始します。

■ 公演: 渋谷マンゲキお笑いライブ
■ 公演日: 2026/09/23(水・祝)
■ 場所: 渋谷よしもと漫才劇場（東京都）
■ 出演: CITY
■ 先着受付開始: 2026/08/05 10:00

https://ticket.fany.lol/reception/61296/49873
----------------------------------------
【前日リマインド】明日 2026/08/05 10:00 に先着販売が開始します。

■ 公演: 渋谷マンゲキお笑いライブ
■ 公演日: 2026/09/23(水・祝)
■ 場所: 渋谷よしもと漫才劇場（東京都）
■ 出演: CITY
■ 先着受付開始: 2026/08/05 10:00

https://ticket.fany.lol/reception/61296/49883
----------------------------------------
【前日リマインド】明日 2026/08/05 10:00 に先着販売が開始します。

■ 公演: 渋谷マンゲキお笑いライブ
■ 公演日: 2026/09/23(水・祝)
■ 場所: 渋谷よしもと漫才劇場（東京都）
■ 出演: CITY
■ 先着受付開始: 2026/08/05 10:00

https://ticket.fany.lol/reception/61296/49893
----------------------------------------
✅ 追加の公演はありませんでした（2026-08-05 04:39 時点）
----------------------------------------
✅ 追加の公演はありませんでした（2026-08-05 11:34 時点）
----------------------------------------
✅ 追加の公演はありませんでした（2026-08-05 17:37 時点）
----------------------------------------
@everyone
素敵じゃないか出演公演が追加されました！

■ 公演タイトル: ルミネtheよしもと 平日１４時の部 プラス
■ 公演日: 2026/09/04(金)
■ 場所: ルミネtheよしもと（東京都）
■ 出演者: 中田カウス 漫才のDENDO／NON STYLE／サルゴリラ／すゑひろがりず／バンビーノ／ミキ／素敵じゃないか／他
■ 申し込み日程:
　- 先着受付開始: 2026/07/05 10:00（先着発売中）
　- 抽選受付[●FANY IDプレミアムメンバー抽選先行]: 2026/06/25 11:00 〜 2026/06/28 11:00（抽選受付終了）
　- 抽選受付[FANY IDメンバー抽選先行]: 2026/06/25 11:00 〜 2026/06/28 11:00（抽選受付終了）

https://ticket.fany.lol/reception/57335/46866
----------------------------------------
📢 他4件の公演が追加されました
・ルミネtheよしもと 平日１６時の部 プラス（2026/09/04(金)） https://ticket.fany.lol/reception/57335/46867
・ルミネtheよしもと 土日祝１１時の部（2026/09/12(土)） https://ticket.fany.lol/reception/57332/19819
・ルミネtheよしもと 土日祝１３時３０分の部（2026/09/12(土)） https://ticket.fany.lol/reception/57332/19820
・ルミネtheよしもと 土日祝１６時の部（2026/09/12(土)） https://ticket.fany.lol/reception/57332/19821
----------------------------------------
【前日リマインド】明日 2026/08/06 10:00 に先着販売が開始します。

■ 公演: Shhhh！！！～騒がしい芸人が今日は静かにゲームコーナー！～
■ 公演日: 2026/09/23(水・祝)
■ 場所: 大宮ラクーンよしもと劇場（埼玉県）
■ 出演: 素敵じゃないか
■ 先着受付開始: 2026/08/06 10:00

https://ticket.fany.lol/reception/63124/50667
----------------------------------------
【前日リマインド】明日 2026/08/06 10:00 に先着販売が開始します。

■ 公演: タコスのタコスパーティー！
■ 公演日: 2026/09/23(水・祝)
■ 場所: 大宮ラクーンよしもと劇場（埼玉県）
■ 出演: 素敵じゃないか
■ 先着受付開始: 2026/08/06 10:00

https://ticket.fany.lol/reception/63125/50666
----------------------------------------
【前日リマインド】明日 2026/08/06 10:00 に先着販売が開始します。

■ 公演: オーミヤンズV定期公演～ネタと企画～
■ 公演日: 2026/09/28(月)
■ 場所: 大宮ラクーンよしもと劇場（埼玉県）
■ 出演: 素敵じゃないか
■ 先着受付開始: 2026/08/06 10:00

https://ticket.fany.lol/reception/62833/50576
----------------------------------------
【前日リマインド】明日 2026/08/06 10:00 に先着販売が開始します。

■ 公演: オーミヤンズV若返りの道～ちょうどおじさんとお兄さんの・・・
■ 公演日: 2026/09/28(月)
■ 場所: 大宮ラクーンよしもと劇場（埼玉県）
■ 出演: 素敵じゃないか
■ 先着受付開始: 2026/08/06 10:00

https://ticket.fany.lol/reception/62835/50575
----------------------------------------
✅ 追加の公演はありませんでした（2026-08-06 04:36 時点）
----------------------------------------
【本日】まもなく 2026/08/06 10:00 に先着販売が開始します。

■ 公演: Shhhh！！！～騒がしい芸人が今日は静かにゲームコーナー！～
■ 公演日: 2026/09/23(水・祝)
■ 場所: 大宮ラクーンよしもと劇場（埼玉県）
■ 出演: 素敵じゃないか
■ 先着受付開始: 2026/08/06 10:00

https://ticket.fany.lol/reception/63124/50667
----------------------------------------
【本日】まもなく 2026/08/06 10:00 に先着販売が開始します。

■ 公演: タコスのタコスパーティー！
■ 公演日: 2026/09/23(水・祝)
■ 場所: 大宮ラクーンよしもと劇場（埼玉県）
■ 出演: 素敵じゃないか
■ 先着受付開始: 2026/08/06 10:00

https://ticket.fany.lol/reception/63125/50666
----------------------------------------
【本日】まもなく 2026/08/06 10:00 に先着販売が開始します。

■ 公演: オーミヤンズV定期公演～ネタと企画～
■ 公演日: 2026/09/28(月)
■ 場所: 大宮ラクーンよしもと劇場（埼玉県）
■ 出演: 素敵じゃないか
■ 先着受付開始: 2026/08/06 10:00

https://ticket.fany.lol/reception/62833/50576
----------------------------------------
【本日】まもなく 2026/08/06 10:00 に先着販売が開始します。

■ 公演: オーミヤンズV若返りの道～ちょうどおじさんとお兄さんの・・・
■ 公演日: 2026/09/28(月)
■ 場所: 大宮ラクーンよしもと劇場（埼玉県）
■ 出演: 素敵じゃないか
■ 先着受付開始: 2026/08/06 10:00

https://ticket.fany.lol/reception/62835/50575
----------------------------------------
@everyone
素敵じゃないか出演公演が追加されました！

■ 公演タイトル: 神保町Kakeru翔SP 夏休みSP
■ 公演日: 2026/08/14(金)
■ 場所: 神保町よしもと漫才劇場（東京都）
■ 出演者: [ネタ出演者]素敵じゃないか／フジーズ／ド天国／とりせん／他

■ 申し込み日程:
　- 先着受付開始: 2026/08/07 10:00（先着発売前）

https://ticket.fany.lol/reception/63218/50828
----------------------------------------
@everyone
素敵じゃないか出演公演が追加されました！

■ 公演タイトル: 渋谷マンゲキお笑いライブ　お盆SP
■ 公演日: 2026/08/11(火・祝)
■ 場所: 渋谷よしもと漫才劇場（東京都）
■ 出演者: [ネタ＆コーナーライブ]さや香／今井らいぱち／カラタチ／ケビンス／スーパーサイズ・ミー／素敵じゃないか／ぶったま／インテイク／大王／ゲスト：ジェラードン／ネルソンズ
■ 申し込み日程:
　- 先着受付開始: 2026/07/05 10:00（先着発売中）
　- 抽選受付[●FANY IDプレミアムメンバー抽選先行]: 2026/06/25 11:00 〜 2026/06/28 11:00（抽選受付終了）
　- 抽選受付[FANY IDメンバー抽選先行]: 2026/06/25 11:00 〜 2026/06/28 11:00（抽選受付終了）

https://ticket.fany.lol/reception/57426/47035
----------------------------------------
✅ 追加の公演はありませんでした（2026-08-06 23:11 時点）
----------------------------------------
【前日リマインド】明日 2026/08/07 10:00 に先着販売が開始します。

■ 公演: 神保町Kakeru翔SP 夏休みSP
■ 公演日: 2026/08/14(金)
■ 場所: 神保町よしもと漫才劇場（東京都）
■ 出演: 素敵じゃないか
■ 先着受付開始: 2026/08/07 10:00

https://ticket.fany.lol/reception/63218/50828
----------------------------------------
✅ 追加の公演はありませんでした（2026-08-07 04:30 時点）
----------------------------------------
✅ 追加の公演はありませんでした（2026-08-07 09:02 時点）
----------------------------------------
【本日】まもなく 2026/08/07 10:00 に先着販売が開始します。

■ 公演: 神保町Kakeru翔SP 夏休みSP
■ 公演日: 2026/08/14(金)
■ 場所: 神保町よしもと漫才劇場（東京都）
■ 出演: 素敵じゃないか
■ 先着受付開始: 2026/08/07 10:00

https://ticket.fany.lol/reception/63218/50828
----------------------------------------
@everyone
ドンデコルテ出演公演が追加されました！

■ 公演タイトル: 六本木お笑いコントライブ！
■ 公演日: 2026/09/20(日)
■ 場所: YOSHIMOTO ROPPONGI THEATER（東京都）
■ 出演者: 紅しょうが／ドンデコルテ／ビスケットブラザーズ／ネルソンズ／バイク川崎バイク／コットン／５ＧＡＰ／ガリットチュウ／おしみんまる／スクールゾーン
■ 申し込み日程:
　- 先着受付開始: 2026/08/05 10:00（先着発売中）
　- 抽選受付[●FANY IDプレミアムメンバー抽選先行]: 2026/07/25 11:00 〜 2026/07/28 11:00（抽選受付終了）
　- 抽選受付[FANY IDメンバー抽選先行]: 2026/07/25 11:00 〜 2026/07/28 11:00（抽選受付終了）

https://ticket.fany.lol/reception/60605/49465
----------------------------------------
📢 他3件の公演が追加されました
・六本木お笑いコントライブ！（2026/09/20(日)） https://ticket.fany.lol/reception/60605/49475
・六本木お笑いコントライブ！（2026/09/20(日)） https://ticket.fany.lol/reception/60605/49476
・六本木お笑いコントライブ！（2026/09/26(土)） https://ticket.fany.lol/reception/60605/49469
----------------------------------------
✅ 追加の公演はありませんでした（2026-08-07 22:05 時点）
----------------------------------------
【前日リマインド】明日 2026/08/08 10:00 に先着販売が開始します。

■ 公演: オールウェイズ！漫才劇場の日 1日目
■ 公演日: 2026/08/13(木)
■ 場所: 神保町よしもと漫才劇場（東京都）
■ 出演: CITY／素敵じゃないか
■ 先着受付開始: 2026/08/08 10:00

https://ticket.fany.lol/reception/63002/50642
----------------------------------------
✅ 追加の公演はありませんでした（2026-08-08 03:58 時点）
----------------------------------------
@everyone
ドンデコルテ／渡辺銀次出演公演が追加されました！

■ 公演タイトル: 千原ジュニアの座王　東西2大ライブツアー　大阪公演
■ 公演日: 2026/11/01(日)
■ 場所: 大阪城ホール（大阪府）
■ 出演者: MC：千原ジュニア
アシスタント：竹上萌奈（カンテレアナウンサー）
プレイヤー：ケンドーコバヤシ、錦鯉（長谷川・渡辺）、笑い飯 西田、R藤本、ななまがり 森下、すゑひろがりず（南條・三島）、見取り図（盛山・リリー）、ドンデコルテ 渡辺銀次、ロングコートダディ 堂前、ルシファー吉岡、ほか
■ 申し込み日程:
　- 抽選受付[ｽｰﾊﾟｰVIP席●FANY IDﾌﾟﾚﾐｱﾑﾒﾝﾊﾞｰ抽選先行]: 2026/07/02 11:00 〜 2026/07/11 00:50（抽選受付終了）
　- 抽選受付[＜スーパーVIP席＞FANY IDメンバー抽選先行]: 2026/07/02 11:00 〜 2026/07/11 00:50（抽選受付終了）
　- 抽選受付[VIP席/指定席●FANY IDﾌﾟﾚﾐｱﾑﾒﾝﾊﾞｰ抽選先行]: 2026/07/02 11:00 〜 2026/07/11 00:50（抽選受付終了）
　- 抽選受付[＜VIP席/指定席＞FANY IDメンバー抽選先行]: 2026/07/02 11:00 〜 2026/07/11 00:50（抽選受付終了）
　- 抽選受付[VIP席/指定席●FANY IDﾌﾟﾚﾐｱﾑ二次抽選先行]: 2026/07/24 12:00 〜 2026/08/02 23:59（抽選受付終了）
　- 抽選受付[＜VIP席/指定席＞FANY IDﾒﾝﾊﾞｰ二次抽選先行]: 2026/07/24 12:00 〜 2026/08/02 23:59（抽選受付終了）

https://ticket.fany.lol/reception/59369/48096
----------------------------------------
✅ 追加の公演はありませんでした（2026-08-08 15:55 時点）
----------------------------------------
✅ 追加の公演はありませんでした（2026-08-08 21:50 時点）
----------------------------------------
✅ 追加の公演はありませんでした（2026-08-09 03:38 時点）
----------------------------------------
@everyone
CITY出演公演が追加されました！

■ 公演タイトル: 大喜利 AND THE CITY
■ 公演日: 2026/09/20(日)
■ 場所: よしもと幕張イオンモール劇場（千葉県）
■ 出演者: CITY／うるとらブギーズ／ななまがり／ゆにばーす
■ 申し込み日程:
　- 抽選受付[●FANY IDプレミアムメンバー抽選先行]: 2026/08/10 11:00 〜 2026/08/12 11:00（抽選受付前）
　- 抽選受付[FANY IDメンバー抽選先行]: 2026/08/10 11:00 〜 2026/08/12 11:00（抽選受付前）
　- 先着受付開始: 2026/08/14 10:00（先着発売前）

https://ticket.fany.lol/reception/63524/51033
----------------------------------------
📢 他1件の公演が追加されました
・コーナー AND THE CITY（2026/09/20(日)） https://ticket.fany.lol/reception/63528/51034
----------------------------------------
✅ 追加の公演はありませんでした（2026-08-09 15:58 時点）
----------------------------------------
@everyone
ドンデコルテ出演公演が追加されました！

■ 公演タイトル: ヘンダーソン単独ライブ2026「HENDERSON IS DEAD」
■ 公演日: 2026/09/12(土)
■ 場所: よしもと福岡 大和証券劇場（福岡県）
■ 出演者: ヘンダーソン／ゲスト：ダイタク／ドンデコルテ
■ 申し込み日程:
　- 先着受付開始: 2026/05/21 10:00（先着発売中）
　- 抽選受付[『ファンダーソン』抽選先行]: 2026/05/09 11:00 〜 2026/05/12 11:00（抽選受付終了）
　- 抽選受付[●FANY IDプレミアムメンバー抽選先行]: 2026/05/15 11:00 〜 2026/05/18 11:00（抽選受付終了）
　- 抽選受付[FANY IDメンバー抽選先行]: 2026/05/15 11:00 〜 2026/05/18 11:00（抽選受付終了）

https://ticket.fany.lol/reception/49216/42239
----------------------------------------
【前日リマインド】明日 2026/08/10 10:00 に先着販売が開始します。

■ 公演: 吉本新喜劇アキのいぃよぉ ～の感謝祭2026
■ 公演日: 2026/11/28(土)
■ 場所: CITY HALL & GALLERY GOTANDA（東京都）
■ 出演: CITY
■ 先着受付開始: 2026/08/10 10:00

https://ticket.fany.lol/reception/61537/50213
----------------------------------------
✅ 追加の公演はありませんでした（2026-08-10 03:41 時点）
----------------------------------------
✅ 追加の公演はありませんでした（2026-08-10 10:51 時点）
----------------------------------------
@everyone
素敵じゃないか出演公演が追加されました！

■ 公演タイトル: 渋谷Kiwami極LIVE　夏休みSP
■ 公演日: 2026/08/10(月)
■ 場所: 渋谷よしもと漫才劇場（東京都）
■ 出演者: [ネタ＆コーナーライブ]シカゴ実業／デニス／くらげ／からし蓮根／九条ジョー／ケビンス／素敵じゃないか／ブラゴーリ／オフローズ／シンクロニシティ
[ コーナー出演者]前半コーナーMC:からし蓮根／シカゴ実業／ブラゴーリ／オフローズ／シンクロニシティ／後半コーナーMC:ケビンス／デニス／くらげ／九条ジョー／素敵じゃないか
■ 申し込み日程:
　- 抽選受付[●FANY IDプレミアムメンバー抽選先行]: 2026/06/25 11:00 〜 2026/06/28 11:00（抽選受付終了）
　- 抽選受付[FANY IDメンバー抽選先行]: 2026/06/25 11:00 〜 2026/06/28 11:00（抽選受付終了）
　- 先着受付開始: 2026/07/05 10:00（先着発売終了）

https://ticket.fany.lol/reception/57467/47116
----------------------------------------
📢 他1件の公演が追加されました
・漫才ライブ～ツワモノ～（2026/09/04(金)） https://ticket.fany.lol/reception/63405/51003
----------------------------------------
✅ 追加の公演はありませんでした（2026-08-10 22:10 時点）
----------------------------------------
【前日リマインド】明日 2026/08/11 10:00 に先着販売が開始します。

■ 公演: 怖い話を怖くなる直前でやめるライブ
■ 公演日: 2026/08/27(木)
■ 場所: 新宿シアターモリエール（東京都）
■ 出演: ドンデコルテ
■ 先着受付開始: 2026/08/11 10:00

https://ticket.fany.lol/reception/63012/50646
----------------------------------------
【前日リマインド】明日 2026/08/11 10:00 に先着販売が開始します。

■ 公演: 漫才ライブ～ツワモノ～
■ 公演日: 2026/09/04(金)
■ 場所: ルミネtheよしもと（東京都）
■ 出演: 素敵じゃないか
■ 先着受付開始: 2026/08/11 10:00

https://ticket.fany.lol/reception/63405/51003
----------------------------------------
@everyone
CITY出演公演が追加されました！

■ 公演タイトル: 各々と小野
■ 公演日: 2026/09/07(月)
■ 場所: GINZA ART BOX 7（東京都）
■ 出演者: CITY小野竜輔、アイロンヘッド辻井亮平、からし蓮根伊織ラッキー
■ 申し込み日程:
　- 先着受付開始: 2026/08/11 10:00（先着発売前）

https://ticket.fany.lol/reception/63739/51125
----------------------------------------
@everyone
素敵じゃないか出演公演が追加されました！

■ 公演タイトル: MKR～それぞれの決勝へ～
■ 公演日: 2026/09/06(日)
■ 場所: 表現ライブハウス 池袋西口GEKIBA（東京都）
■ 出演者: たつろう、スロッピ、三戸キャップ、鶴亀、キンボシ、まんじろう、カラタチ、素敵じゃないか
■ 申し込み日程:
　- 先着受付開始: 2026/07/26 10:00（先着発売中）

https://ticket.fany.lol/reception/62109/50353
----------------------------------------
✅ 追加の公演はありませんでした（2026-08-11 16:09 時点）
----------------------------------------
✅ 追加の公演はありませんでした（2026-08-11 22:07 時点）
----------------------------------------
✅ 追加の公演はありませんでした（2026-08-12 04:03 時点）
----------------------------------------
✅ 追加の公演はありませんでした（2026-08-12 10:59 時点）
----------------------------------------
✅ 追加の公演はありませんでした（2026-08-12 16:26 時点）
----------------------------------------
@everyone
ドンデコルテ出演公演が追加されました！

■ 公演タイトル: 福岡よしもとお笑いライブ
■ 公演日: 2026/10/31(土)
■ 場所: よしもと福岡 大和証券劇場（福岡県）
■ 出演者: 中田カウス【漫才のDENDO NEXT】／すゑひろがりず／ドンデコルテ／他
■ 申し込み日程:
　- 抽選受付[●FANY IDプレミアムメンバー抽選先行]: 2026/08/10 11:00 〜 2026/08/13 11:00（抽選受付中）
　- 抽選受付[FANY IDメンバー抽選先行]: 2026/08/10 11:00 〜 2026/08/13 11:00（抽選受付中）
　- 先着受付開始: 2026/08/20 10:00（先着発売前）

https://ticket.fany.lol/reception/63500/51029
----------------------------------------
📢 他2件の公演が追加されました
・福岡よしもとお笑いライブ（2026/10/31(土)） https://ticket.fany.lol/reception/63500/51030
・福岡よしもとお笑いライブ（2026/10/31(土)） https://ticket.fany.lol/reception/63500/51031
----------------------------------------
✅ 追加の公演はありませんでした（2026-08-13 04:03 時点）
----------------------------------------
✅ 追加の公演はありませんでした（2026-08-13 11:02 時点）
----------------------------------------
✅ 追加の公演はありませんでした（2026-08-13 16:28 時点）
----------------------------------------
✅ 追加の公演はありませんでした（2026-08-13 22:12 時点）
----------------------------------------
【前日リマインド】明日 2026/08/14 10:00 に先着販売が開始します。

■ 公演: 大喜利 AND THE CITY
■ 公演日: 2026/09/20(日)
■ 場所: よしもと幕張イオンモール劇場（千葉県）
■ 出演: CITY
■ 先着受付開始: 2026/08/14 10:00

https://ticket.fany.lol/reception/63526/51033
----------------------------------------
【前日リマインド】明日 2026/08/14 10:00 に先着販売が開始します。

■ 公演: コーナー AND THE CITY
■ 公演日: 2026/09/20(日)
■ 場所: よしもと幕張イオンモール劇場（千葉県）
■ 出演: CITY
■ 先着受付開始: 2026/08/14 10:00

https://ticket.fany.lol/reception/63530/51034
----------------------------------------
✅ 追加の公演はありませんでした（2026-08-14 04:04 時点）
----------------------------------------
【本日】まもなく 2026/08/14 10:00 に先着販売が開始します。

■ 公演: 大喜利 AND THE CITY
■ 公演日: 2026/09/20(日)
■ 場所: よしもと幕張イオンモール劇場（千葉県）
■ 出演: CITY
■ 先着受付開始: 2026/08/14 10:00

https://ticket.fany.lol/reception/63526/51033
----------------------------------------
【本日】まもなく 2026/08/14 10:00 に先着販売が開始します。

■ 公演: コーナー AND THE CITY
■ 公演日: 2026/09/20(日)
■ 場所: よしもと幕張イオンモール劇場（千葉県）
■ 出演: CITY
■ 先着受付開始: 2026/08/14 10:00

https://ticket.fany.lol/reception/63530/51034
----------------------------------------
@everyone
ドンデコルテ／CITY／素敵じゃないか出演公演が追加されました！

■ 公演タイトル: トーキョーマンゲキフェス2026ー渋神三世代決戦ー
■ 公演日: 2026/09/19(土)
■ 場所: LINE CUBE SHIBUYA（東京都）
■ 出演者: 東京15期－18期チーム
チームリーダー： ダンビラムーチョ 、滝音
いぬ、シカゴ実業、CITY、スロッピ、セッツァー、TEAM近藤、デニス、西村ヒロチョ、マルセイユ、今井らいぱち、入間国際宣言、カラタチ、官兵衛、キンボシ、kento fukaya、鶴亀、やさしいズ、ゆにばーす、ランパンプス、蛙亭、くらげ、さや香、まちるだ、まんじろう、ワラバランス、ウォンバット、からし蓮根、九条ジョー、ケビンス、シモリュウ、スクラップス、そいつどいつ、黄昏の森、田津原理音、ドッチモドッチ、ぱろぱろ、ラニーノーズ

東京19期－23期チーム
チームリーダー：エバース、9番街レトロ
赤嶺総理、オダウエダ、カベポスター、11月のリサ、スーパーサイズ・ミー、素敵じゃないか、世間知らズ、ダブルヒガシ、ドンデコルテ、アメリカンBBチキン、おミュータンツ、生ファラオ、ぶったま、ブラゴーリ、ペッパーGuys、ミカボ、エルフ、オフローズ、スパジーニ、ド桜、ビューティフルトーキョーマンズ鈴木バイダン、アズーロ24、シンクロニシティ、ソマオ・ミートボール、太鵬、ナイチンゲールダンス中野なかるてぃん、軟水、バリカタ友情飯、ピュート、マリーマリー、めぞん、インテイク、サンタモニカ、世界クジラ、鉄人小町、ヨネダ2000

東京24期－31期チーム
チームリーダー：金魚番長、ゼロカラン
イチゴ、喫茶ムーン、小虎、狛犬櫛野、しんや、隠れドキュンヤッツ、大王、定点計画、イザナミン、兄弟、テキセツの街、青いデルタ、イワサキ、ザンゾウ、DOG FOOD PARTY、ぺ、ボダリキボバイ、私東京、アリハガ、エグい速さ、セカンドロット、ニコミハジメテ、フジーズ、ボブのコーラ、ウィークリー習慣、き展、伝書鳩、ド天国、とりせん、なでなでボーイ、ブリタニカ、球技大会、ただならぬ刀、照山おうちごはん、ドンココ、ナユタ、パパパジャマ、ミナミナミ、あなたとネ
■ 申し込み日程:
　- 抽選受付[●FANY IDプレミアムメンバー一次抽選先行]: 2026/08/21 11:00 〜 2026/08/24 11:00（抽選受付前）
　- 抽選受付[FANY IDメンバー一次抽選先行]: 2026/08/21 11:00 〜 2026/08/24 11:00（抽選受付前）

https://ticket.fany.lol/reception/63809/51190
----------------------------------------
@everyone
ドンデコルテ出演公演が追加されました！

■ 公演タイトル: 漫才ユニットライブ ～カルテット～
■ 公演日: 2026/10/08(木)
■ 場所: ルミネtheよしもと（東京都）
■ 出演者: ビスケットブラザーズ／滝音／ドンデコルテ／9番街レトロ
■ 申し込み日程:
　- 抽選受付[●FANY IDプレミアムメンバー抽選先行]: 2026/08/15 11:00 〜 2026/08/17 11:00（抽選受付前）
　- 抽選受付[FANY IDメンバー抽選先行]: 2026/08/15 11:00 〜 2026/08/17 11:00（抽選受付前）
　- 先着受付開始: 2026/08/19 10:00（先着発売前）

https://ticket.fany.lol/reception/63906/51235
----------------------------------------
📢 他2件の公演が追加されました
・コットン38％（2026/09/25(金)） https://ticket.fany.lol/reception/63919/51243
・よしもとゴリラライブ東京（2026/08/19(水)） https://ticket.fany.lol/reception/60152/48990
----------------------------------------
✅ 追加の公演はありませんでした（2026-08-14 22:08 時点）
----------------------------------------
✅ 追加の公演はありませんでした（2026-08-15 03:55 時点）
----------------------------------------
✅ 追加の公演はありませんでした（2026-08-15 10:15 時点）
----------------------------------------
✅ 追加の公演はありませんでした（2026-08-15 15:38 時点）
----------------------------------------
✅ 追加の公演はありませんでした（2026-08-15 21:38 時点）
----------------------------------------
✅ 追加の公演はありませんでした（2026-08-16 03:31 時点）
----------------------------------------
✅ 追加の公演はありませんでした（2026-08-16 10:20 時点）
----------------------------------------
✅ 追加の公演はありませんでした（2026-08-16 15:40 時点）
----------------------------------------
✅ 追加の公演はありませんでした（2026-08-16 21:40 時点）
----------------------------------------
✅ 追加の公演はありませんでした（2026-08-17 03:30 時点）
----------------------------------------
✅ 追加の公演はありませんでした（2026-08-17 10:17 時点）
----------------------------------------
✅ 追加の公演はありませんでした（2026-08-17 15:56 時点）
----------------------------------------
@everyone
ドンデコルテ出演公演が追加されました！

■ 公演タイトル: アイラブ地球のとても強いLIVE
■ 公演日: 2026/09/16(水)
■ 場所: よしもと漫才劇場（大阪府）
■ 出演者: アイラブ地球／吉田たち／ドンデコルテ／イチオク／フースーヤ／三遊間／半年記念日
■ 申し込み日程:
　- 先着受付開始: 2026/08/05 10:00（先着発売中）
　- 抽選受付[●FANY IDプレミアムメンバー抽選先行]: 2026/07/25 11:00 〜 2026/07/28 11:00（抽選受付終了）
　- 抽選受付[FANY IDメンバー抽選先行]: 2026/07/25 11:00 〜 2026/07/28 11:00（抽選受付終了）

https://ticket.fany.lol/reception/62307/50124
----------------------------------------
【前日リマインド】明日 2026/08/18 10:00 に先着販売が開始します。

■ 公演: でら漫才
■ 公演日: 2026/09/30(水)
■ 場所: 渋谷よしもと漫才劇場（東京都）
■ 出演: 素敵じゃないか
■ 先着受付開始: 2026/08/18 10:00

https://ticket.fany.lol/reception/64206/49654
----------------------------------------
✅ 追加の公演はありませんでした（2026-08-18 03:40 時点）
----------------------------------------
✅ 追加の公演はありませんでした（2026-08-18 10:15 時点）
----------------------------------------
✅ 追加の公演はありませんでした（2026-08-18 15:43 時点）
----------------------------------------
✅ 追加の公演はありませんでした（2026-08-18 21:47 時点）
----------------------------------------
【前日リマインド】明日 2026/08/19 10:00 に先着販売が開始します。

■ 公演: 漫才ユニットライブ ～カルテット～
■ 公演日: 2026/10/08(木)
■ 場所: ルミネtheよしもと（東京都）
■ 出演: ドンデコルテ
■ 先着受付開始: 2026/08/19 10:00

https://ticket.fany.lol/reception/63908/51235
----------------------------------------
@everyone
CITY出演公演が追加されました！

■ 公演タイトル: 沼ツーマン×2
■ 公演日: 2026/09/18(金)
■ 場所: 沼津ラクーンよしもと劇場（静岡県）
■ 出演者: [ネタ]ツーナッカン／ヘンダーソン／CITY／他
■ 申し込み日程:
　- 抽選受付[●FANY IDプレミアムメンバー抽選先行]: 2026/08/19 11:00 〜 2026/08/21 11:00（抽選受付前）
　- 抽選受付[FANY IDメンバー抽選先行]: 2026/08/19 11:00 〜 2026/08/21 11:00（抽選受付前）
　- 先着受付開始: 2026/08/23 10:00（先着発売前）

https://ticket.fany.lol/reception/64138/51632
----------------------------------------
📢 他1件の公演が追加されました
・おかわり沼ツーマン×2（2026/09/18(金)） https://ticket.fany.lol/reception/64155/51631
----------------------------------------
✅ 追加の公演はありませんでした（2026-08-19 10:16 時点）
----------------------------------------
✅ 追加の公演はありませんでした（2026-08-19 15:43 時点）
----------------------------------------
@everyone
素敵じゃないか出演公演が追加されました！

■ 公演タイトル: 渋谷Kiwami極LIVEプラス＋
■ 公演日: 2026/08/21(金)
■ 場所: 渋谷よしもと漫才劇場（東京都）
■ 出演者: [ネタ＆コーナーライブ]蛙亭／ケビンス／素敵じゃないか／世間知らズ／生ファラオ／ぶったま／オフローズ／9番街レトロ／インテイク／鉄人小町
[ コーナー出演者]MC：9番街レトロ／蛙亭／ケビンス／生ファラオ／インテイク
■ 申し込み日程:
　- 先着受付開始: 2026/07/05 10:00（先着発売中）
　- 抽選受付[●FANY IDプレミアムメンバー抽選先行]: 2026/06/25 11:00 〜 2026/06/28 11:00（抽選受付終了）
　- 抽選受付[FANY IDメンバー抽選先行]: 2026/06/25 11:00 〜 2026/06/28 11:00（抽選受付終了）

https://ticket.fany.lol/reception/57469/47124
----------------------------------------
📢 他4件の公演が追加されました
・渋谷マンゲキお笑いライブ（2026/08/23(日)） https://ticket.fany.lol/reception/57427/47046
・渋谷マンゲキお笑いライブ（2026/08/23(日)） https://ticket.fany.lol/reception/57427/47047
・渋谷マンゲキお笑いライブ（2026/08/23(日)） https://ticket.fany.lol/reception/57427/47048
・煉漫～漫才を煉りあげる～（2026/09/20(日)） https://ticket.fany.lol/reception/61725/50273
----------------------------------------
【前日リマインド】明日 2026/08/20 10:00 に先着販売が開始します。

■ 公演: 福岡よしもとお笑いライブ
■ 公演日: 2026/10/31(土)
■ 場所: よしもと福岡 大和証券劇場（福岡県）
■ 出演: ドンデコルテ
■ 先着受付開始: 2026/08/20 10:00

https://ticket.fany.lol/reception/63502/51029
----------------------------------------
【前日リマインド】明日 2026/08/20 10:00 に先着販売が開始します。

■ 公演: 福岡よしもとお笑いライブ
■ 公演日: 2026/10/31(土)
■ 場所: よしもと福岡 大和証券劇場（福岡県）
■ 出演: ドンデコルテ
■ 先着受付開始: 2026/08/20 10:00

https://ticket.fany.lol/reception/63502/51030
----------------------------------------
【前日リマインド】明日 2026/08/20 10:00 に先着販売が開始します。

■ 公演: 福岡よしもとお笑いライブ
■ 公演日: 2026/10/31(土)
■ 場所: よしもと福岡 大和証券劇場（福岡県）
■ 出演: ドンデコルテ
■ 先着受付開始: 2026/08/20 10:00

https://ticket.fany.lol/reception/63502/51031
----------------------------------------
✅ 追加の公演はありませんでした（2026-08-20 03:35 時点）
----------------------------------------
✅ 追加の公演はありませんでした（2026-08-20 10:15 時点）
----------------------------------------
✅ 追加の公演はありませんでした（2026-08-20 15:46 時点）
----------------------------------------
✅ 追加の公演はありませんでした（2026-08-20 21:51 時点）
----------------------------------------
@everyone
CITY出演公演が追加されました！

■ 公演タイトル: ホットフレッシュリリース
■ 公演日: 2026/09/23(水・祝)
■ 場所: 渋谷よしもと漫才劇場（東京都）
■ 出演者: [企画ライブ]ケビンス／ゲスト：CITY／kento fukaya／ブラゴーリ／ただならぬ刀
■ 申し込み日程:
　- 先着受付開始: 2026/08/05 10:00（先着発売中）
　- 抽選受付[●FANY IDプレミアムメンバー抽選先行]: 2026/07/25 11:00 〜 2026/07/28 11:00（抽選受付終了）
　- 抽選受付[FANY IDメンバー抽選先行]: 2026/07/25 11:00 〜 2026/07/28 11:00（抽選受付終了）

https://ticket.fany.lol/reception/60987/49617
----------------------------------------
@everyone
CITY出演公演が追加されました！

■ 公演タイトル: 五反田会～多田、ビーフン作るってよ～
■ 公演日: 2026/09/16(水)
■ 場所: よしもと幕張イオンモール劇場（千葉県）
■ 出演者: マルセイユ 津田康平／CITY 小野竜輔
■ 申し込み日程:
　- 抽選受付[●FANY IDプレミアムメンバー抽選先行]: 2026/08/22 11:00 〜 2026/08/24 11:00（抽選受付前）
　- 抽選受付[FANY IDメンバー抽選先行]: 2026/08/22 11:00 〜 2026/08/24 11:00（抽選受付前）
　- 先着受付開始: 2026/08/26 10:00（先着発売前）

https://ticket.fany.lol/reception/64672/52266
----------------------------------------
📢 他1件の公演が追加されました
・スキンHEAD亀Live（2026/10/25(日)） https://ticket.fany.lol/reception/64487/52214
----------------------------------------
✅ 追加の公演はありませんでした（2026-08-21 15:48 時点）
----------------------------------------
✅ 追加の公演はありませんでした（2026-08-21 21:49 時点）
----------------------------------------
【前日リマインド】明日 2026/08/22 10:00 に先着販売が開始します。

■ 公演: スキンHEAD亀Live
■ 公演日: 2026/10/25(日)
■ 場所: ターミナルプラザことにパトス（北海道）
■ 出演: CITY
■ 先着受付開始: 2026/08/22 10:00

https://ticket.fany.lol/reception/64487/52214
----------------------------------------
✅ 追加の公演はありませんでした（2026-08-22 03:37 時点）
----------------------------------------
✅ 追加の公演はありませんでした（2026-08-22 10:15 時点）
----------------------------------------
✅ 追加の公演はありませんでした（2026-08-22 15:41 時点）
----------------------------------------
✅ 追加の公演はありませんでした（2026-08-22 21:39 時点）
----------------------------------------
【前日リマインド】明日 2026/08/23 10:00 に先着販売が開始します。

■ 公演: 沼ツーマン×2
■ 公演日: 2026/09/18(金)
■ 場所: 沼津ラクーンよしもと劇場（静岡県）
■ 出演: CITY
■ 先着受付開始: 2026/08/23 10:00

https://ticket.fany.lol/reception/64140/51632
----------------------------------------
【前日リマインド】明日 2026/08/23 10:00 に先着販売が開始します。

■ 公演: おかわり沼ツーマン×2
■ 公演日: 2026/09/18(金)
■ 場所: 沼津ラクーンよしもと劇場（静岡県）
■ 出演: CITY
■ 先着受付開始: 2026/08/23 10:00

https://ticket.fany.lol/reception/64161/51631
----------------------------------------
✅ 追加の公演はありませんでした（2026-08-23 03:31 時点）
----------------------------------------
@everyone
CITY出演公演が追加されました！

■ 公演タイトル: 全国JAPAN
■ 公演日: 2026/10/07(水)
■ 場所: 大宮ラクーンよしもと劇場（埼玉県）
■ 出演者: CITY／アイロンヘッド／からし蓮根
■ 申し込み日程:
　- 先着受付開始: 2026/09/05 10:00（先着発売前）

https://ticket.fany.lol/reception/64939/52353
----------------------------------------
📢 他2件の公演が追加されました
・企画JAPAN－辻井担当回－（2026/10/07(水)） https://ticket.fany.lol/reception/64941/52354
・素敵じゃないかの漫才グランドチャンピオン（2026/10/15(木)） https://ticket.fany.lol/reception/64970/52392
----------------------------------------
@everyone
ドンデコルテ出演公演が追加されました！

■ 公演タイトル: 幕張平日ネタプレミアム１４時
■ 公演日: 2026/10/07(水)
■ 場所: よしもと幕張イオンモール劇場（千葉県）
■ 出演者: [ネタ]あべこうじ／もりやすバンバンビガロ／ツートライブ／ゆにばーす／ミキ／ドンデコルテ／エバース／他
■ 申し込み日程:
　- 抽選受付[●FANY IDプレミアムメンバー抽選先行]: 2026/08/25 11:00 〜 2026/08/28 11:00（抽選受付前）
　- 抽選受付[FANY IDメンバー抽選先行]: 2026/08/25 11:00 〜 2026/08/28 11:00（抽選受付前）
　- 先着受付開始: 2026/09/05 10:00（先着発売前）

https://ticket.fany.lol/reception/64927/52306
----------------------------------------
📢 他1件の公演が追加されました
・幕張平日ネタプレミアム１６時（2026/10/07(水)） https://ticket.fany.lol/reception/64927/52307
----------------------------------------
@everyone
ドンデコルテ出演公演が追加されました！

■ 公演タイトル: ルミネtheよしもと 土日祝１１時の部プレミアム
■ 公演日: 2026/11/29(日)
■ 場所: ルミネtheよしもと（東京都）
■ 出演者: 中川家／トット／ジェラードン／金属バット／マユリカ／ドンデコルテ／他
【吉本新喜劇】 吉田裕／他
■ 申し込み日程:
　- 抽選受付[●FANY IDプレミアムメンバー抽選先行]: 2026/08/25 11:00 〜 2026/08/28 11:00（抽選受付前）
　- 抽選受付[FANY IDメンバー抽選先行]: 2026/08/25 11:00 〜 2026/08/28 11:00（抽選受付前）
　- 先着受付開始: 2026/09/05 10:00（先着発売前）

https://ticket.fany.lol/reception/64399/51891
----------------------------------------
📢 他4件の公演が追加されました
・ルミネtheよしもと 土日祝１３時３０分の部プレミアム（2026/11/29(日)） https://ticket.fany.lol/reception/64399/51892
・ルミネtheよしもと 土日祝１６時の部プレミアム（2026/11/29(日)） https://ticket.fany.lol/reception/64399/51893
・ルミネtheよしもと 平日１４時の部 プラス（2026/11/12(木)） https://ticket.fany.lol/reception/64394/51855
・ルミネtheよしもと 平日１６時の部 プラス（2026/11/12(木)） https://ticket.fany.lol/reception/64394/51856
----------------------------------------
✅ 追加の公演はありませんでした（2026-08-24 03:30 時点）
----------------------------------------
@everyone
ドンデコルテ／素敵じゃないか出演公演が追加されました！

■ 公演タイトル: 漫才師ユニット男坂38
■ 公演日: 2026/10/12(月・祝)
■ 場所: 渋谷よしもと漫才劇場（東京都）
■ 出演者: [企画ライブ]素敵じゃないか／ドンデコルテ／ミカボ／スパジーニ
■ 申し込み日程:
　- 抽選受付[●FANY IDプレミアムメンバー抽選先行]: 2026/08/25 11:00 〜 2026/08/28 11:00（抽選受付前）
　- 抽選受付[FANY IDメンバー抽選先行]: 2026/08/25 11:00 〜 2026/08/28 11:00（抽選受付前）
　- 先着受付開始: 2026/09/05 10:00（先着発売前）

https://ticket.fany.lol/reception/64510/52144
----------------------------------------
📢 他40件の公演が追加されました
・大王の「國」（2026/10/12(月・祝)） https://ticket.fany.lol/reception/64511/52164
・渋谷マンゲキお笑いライブ（2026/10/18(日)） https://ticket.fany.lol/reception/64935/52375
・グランドバトルEAST 第四部（2026/10/18(日)） https://ticket.fany.lol/reception/64353/51913
・神保町マンゲキお笑いライブ（2026/10/03(土)） https://ticket.fany.lol/reception/64653/52227
・神保町マンゲキお笑いライブ（2026/10/03(土)） https://ticket.fany.lol/reception/64653/52228
・神保町マンゲキお笑いライブ（2026/10/03(土)） https://ticket.fany.lol/reception/64653/52229
・渋谷Kiwami極LIVEプラス＋（2026/10/05(月)） https://ticket.fany.lol/reception/64331/51825
・グランドバトルEAST 第二部（2026/10/17(土)） https://ticket.fany.lol/reception/64353/51911
・渋谷マンゲキお笑いライブ（2026/10/24(土)） https://ticket.fany.lol/reception/64935/52376
・渋谷マンゲキお笑いライブ（2026/10/24(土)） https://ticket.fany.lol/reception/64935/52377
・渋谷マンゲキお笑いライブ（2026/10/24(土)） https://ticket.fany.lol/reception/64935/52378
・渋谷Kiwami極LIVE（2026/10/29(木)） https://ticket.fany.lol/reception/64321/51818
・渋谷マンゲキお笑いライブ（2026/10/31(土)） https://ticket.fany.lol/reception/64935/52382
・渋谷マンゲキお笑いライブ（2026/10/31(土)） https://ticket.fany.lol/reception/64935/52383
・渋谷マンゲキお笑いライブ（2026/10/31(土)） https://ticket.fany.lol/reception/64935/52384
・濁（2026/10/02(金)） https://ticket.fany.lol/reception/64494/52134
・ボの日（2026/10/06(火)） https://ticket.fany.lol/reception/64733/52172
・神保町Kakeru翔SP（2026/10/08(木)） https://ticket.fany.lol/reception/64317/51763
・Best of ゼロカラン7（2026/10/08(木)） https://ticket.fany.lol/reception/65025/52420
・渋谷Kiwami極LIVE（2026/10/09(金)） https://ticket.fany.lol/reception/64321/51813
・鈴木バイダン漫才修行ライブ（2026/10/10(土)） https://ticket.fany.lol/reception/64505/52140
・神保町マンゲキお笑いライブ（2026/10/12(月・祝)） https://ticket.fany.lol/reception/64653/52239
・神保町マンゲキお笑いライブ（2026/10/12(月・祝)） https://ticket.fany.lol/reception/64653/52240
・神保町マンゲキお笑いライブ（2026/10/12(月・祝)） https://ticket.fany.lol/reception/64653/52241
・スパジーニ企画『ネタジーニ』（2026/10/13(火)） https://ticket.fany.lol/reception/64743/52182
・三分漫才結社（2026/10/14(水)） https://ticket.fany.lol/reception/64745/52194
・渋谷マンゲキお笑いライブ（2026/10/17(土)） https://ticket.fany.lol/reception/64935/52370
・渋谷マンゲキお笑いライブ（2026/10/17(土)） https://ticket.fany.lol/reception/64935/52371
・渋谷マンゲキお笑いライブ（2026/10/17(土)） https://ticket.fany.lol/reception/64935/52372
・グランドバトルEAST 第一部（2026/10/17(土)） https://ticket.fany.lol/reception/64353/51910
・でら漫才（2026/10/21(水)） https://ticket.fany.lol/reception/64519/52166
・絶対漫才！（2026/10/21(水)） https://ticket.fany.lol/reception/64302/51759
・渋谷Kiwami極LIVE（2026/10/23(金)） https://ticket.fany.lol/reception/64321/51816
・私東京新ネタライブ「私腹」（2026/10/24(土)） https://ticket.fany.lol/reception/64758/52203
・渋谷Kiwami極LIVEプラス＋（2026/10/27(火)） https://ticket.fany.lol/reception/64331/51831
・渋谷Kiwami極LIVE（2026/10/30(金)） https://ticket.fany.lol/reception/64321/51819
・神保町マンゲキお笑いライブ（2026/10/31(土)） https://ticket.fany.lol/reception/64653/52254
・神保町マンゲキお笑いライブ（2026/10/31(土)） https://ticket.fany.lol/reception/64653/52255
・神保町マンゲキお笑いライブ（2026/10/31(土)） https://ticket.fany.lol/reception/64653/52256
・黒ペペじゃないカボ（2026/10/31(土)） https://ticket.fany.lol/reception/64531/52158
----------------------------------------
✅ 追加の公演はありませんでした（2026-08-24 15:59 時点）
----------------------------------------
@everyone
素敵じゃないか出演公演が追加されました！

■ 公演タイトル: risa and...？
■ 公演日: 2026/10/23(金)
■ 場所: 渋谷よしもと漫才劇場（東京都）
■ 出演者: [企画ライブ]11月のリサ／ケビンス 山口／素敵じゃないか 吉野晋右／世間知らズ さおり／ピュート／めぞん 吉野
■ 申し込み日程:
　- 抽選受付[●FANY IDプレミアムメンバー抽選先行]: 2026/08/25 11:00 〜 2026/08/28 11:00（抽選受付前）
　- 抽選受付[FANY IDメンバー抽選先行]: 2026/08/25 11:00 〜 2026/08/28 11:00（抽選受付前）
　- 先着受付開始: 2026/09/05 10:00（先着発売前）

https://ticket.fany.lol/reception/64522/52162
----------------------------------------
@everyone
ドンデコルテ出演公演が追加されました！

■ 公演タイトル: マンゲキお笑いライブSP
■ 公演日: 2026/10/04(日)
■ 場所: よしもと漫才劇場（大阪府）
■ 出演者: [ネタ出演者]ギャロップ／すゑひろがりず／ニッポンの社長／さや香／ドンデコルテ／あべこうじ／黒帯／豪快キャプテン／フースーヤ／天才ピアニスト／真輝志／華山／三遊間／シカノシンプ
[スペシャルアクト]
[ゲームコーナー]
■ 申し込み日程:
　- 抽選受付[●FANY IDプレミアムメンバー抽選先行]: 2026/08/25 11:00 〜 2026/08/28 11:00（抽選受付前）
　- 抽選受付[FANY IDメンバー抽選先行]: 2026/08/25 11:00 〜 2026/08/28 11:00（抽選受付前）
　- 先着受付開始: 2026/09/05 10:00（先着発売前）

https://ticket.fany.lol/reception/65634/51983
----------------------------------------
📢 他4件の公演が追加されました
・森ノ宮マンゲキお笑いライブSP（2026/10/04(日)） https://ticket.fany.lol/reception/64721/52311
・森ノ宮マンゲキお笑いライブSP（2026/10/04(日)） https://ticket.fany.lol/reception/64721/52312
・森ノ宮マンゲキお笑いライブSP（2026/10/04(日)） https://ticket.fany.lol/reception/64721/52313
・マンザイスター・ユナイテッド（2026/10/04(日)） https://ticket.fany.lol/reception/65158/51788
----------------------------------------
✅ 追加の公演はありませんでした（2026-08-25 10:17 時点）
----------------------------------------
✅ 追加の公演はありませんでした（2026-08-25 15:49 時点）
----------------------------------------
@everyone
CITY出演公演が追加されました！

■ 公演タイトル: 渋谷Kiwami極LIVE
■ 公演日: 2026/08/26(水)
■ 場所: 渋谷よしもと漫才劇場（東京都）
■ 出演者: [ネタ＆コーナーライブ]シカゴ実業／CITY／TEAM近藤／カラタチ／キンボシ／そいつどいつ／スーパーサイズ・ミー／ぶったま／シンクロニシティ／インテイク
[ コーナー出演者]コーナーMC：キンボシ／カラタチ／そいつどいつ／シンクロニシティ／インテイク
■ 申し込み日程:
　- 先着受付開始: 2026/07/05 10:00（先着発売中）
　- 抽選受付[●FANY IDプレミアムメンバー抽選先行]: 2026/06/25 11:00 〜 2026/06/28 11:00（抽選受付終了）
　- 抽選受付[FANY IDメンバー抽選先行]: 2026/06/25 11:00 〜 2026/06/28 11:00（抽選受付終了）

https://ticket.fany.lol/reception/56746/46750
----------------------------------------
【前日リマインド】明日 2026/08/26 10:00 に先着販売が開始します。

■ 公演: コットン38％
■ 公演日: 2026/09/25(金)
■ 場所: ルミネtheよしもと（東京都）
■ 出演: CITY／素敵じゃないか
■ 先着受付開始: 2026/08/26 10:00

https://ticket.fany.lol/reception/63923/51243
----------------------------------------
【前日リマインド】明日 2026/08/26 10:00 に先着販売が開始します。

■ 公演: 五反田会～多田、ビーフン作るってよ～
■ 公演日: 2026/09/16(水)
■ 場所: よしもと幕張イオンモール劇場（千葉県）
■ 出演: CITY
■ 先着受付開始: 2026/08/26 10:00

https://ticket.fany.lol/reception/64674/52266
----------------------------------------
✅ 追加の公演はありませんでした（2026-08-26 03:40 時点）
----------------------------------------
✅ 追加の公演はありませんでした（2026-08-26 10:20 時点）
----------------------------------------
✅ 追加の公演はありませんでした（2026-08-26 15:51 時点）
----------------------------------------
✅ 追加の公演はありませんでした（2026-08-26 21:53 時点）
----------------------------------------
✅ 追加の公演はありませんでした（2026-08-27 04:48 時点）
----------------------------------------
✅ 追加の公演はありませんでした（2026-08-27 16:55 時点）
----------------------------------------
✅ 追加の公演はありませんでした（2026-08-28 06:53 時点）
----------------------------------------
@everyone
ドンデコルテ出演公演が追加されました！

■ 公演タイトル: よしもと漫才リーグ チームライブ～ドンデコルテチーム編～
■ 公演日: 2026/10/07(水)
■ 場所: よしもと幕張イオンモール劇場（千葉県）
■ 出演者: ドンデコルテ／デニス／タモンズ／カゲヤマ／きっと君はくるさ／ゆにばーす／鶴亀／おとうふ／くらげ／ゴング
■ 申し込み日程:
　- 抽選受付[●FANY IDプレミアムメンバー抽選先行]: 2026/08/29 11:00 〜 2026/08/31 11:00（抽選受付前）
　- 抽選受付[FANY IDメンバー抽選先行]: 2026/08/29 11:00 〜 2026/08/31 11:00（抽選受付前）
　- 先着受付開始: 2026/09/02 10:00（先着発売前）

https://ticket.fany.lol/reception/66248/52739
----------------------------------------
📢 他3件の公演が追加されました
・よしもと漫才リーグ チームライブ～ダブルヒガシチーム編～（2026/10/27(火)） https://ticket.fany.lol/reception/66262/52745
・オズワルド×素敵じゃないか「兄弟」（2026/10/15(木)） https://ticket.fany.lol/reception/66205/52715
・漫才ユナイテッド（2026/11/12(木)） https://ticket.fany.lol/reception/65457/52528
----------------------------------------
@everyone
CITY出演公演が追加されました！

■ 公演タイトル: ななまがり漫才単独公演　ななまんざい　第五回
■ 公演日: 2026/10/28(水)
■ 場所: 草月ホール（東京都）
■ 出演者: ななまがり
客演：イチゴ、今夜も星が綺麗、CITY、ダンビラムーチョ、リニア
■ 申し込み日程:
　- 抽選受付[●FANY IDプレミアムメンバー抽選先行]: 2026/08/29 11:00 〜 2026/08/31 11:00（抽選受付前）
　- 抽選受付[FANY IDメンバー抽選先行]: 2026/08/29 11:00 〜 2026/08/31 11:00（抽選受付前）
　- 先着受付開始: 2026/09/05 10:00（先着発売前）

https://ticket.fany.lol/reception/66345/52779
----------------------------------------
@everyone
素敵じゃないか出演公演が追加されました！

■ 公演タイトル: ルミネtheよしもと 土日祝１６時の部
■ 公演日: 2026/10/10(土)
■ 場所: ルミネtheよしもと（東京都）
■ 出演者: 中田カウス 漫才のDENDO／2丁拳銃／パンクブーブー／ヒューマン中村／マルセイユ／ミキ／コットン／素敵じゃないか／他
■ 申し込み日程:
　- 先着受付開始: 2026/08/05 10:00（先着発売中）
　- 抽選受付[●FANY IDプレミアムメンバー抽選先行]: 2026/07/25 11:00 〜 2026/07/28 11:00（抽選受付終了）
　- 抽選受付[FANY IDメンバー抽選先行]: 2026/07/25 11:00 〜 2026/07/28 11:00（抽選受付終了）

https://ticket.fany.lol/reception/61228/22363
----------------------------------------
📢 他3件の公演が追加されました
・ルミネtheよしもと 土日祝１１時の部プレミアム（2026/10/25(日)） https://ticket.fany.lol/reception/61249/49738
・ルミネtheよしもと 土日祝１３時３０分の部プレミアム（2026/10/25(日)） https://ticket.fany.lol/reception/61249/49739
・ルミネtheよしもと 土日祝１６時の部プレミアム（2026/10/25(日)） https://ticket.fany.lol/reception/61249/49740
----------------------------------------
✅ 追加の公演はありませんでした（2026-08-29 21:37 時点）
----------------------------------------
【前日リマインド】明日 2026/08/30 10:00 に先着販売が開始します。

■ 公演: トーキョーマンゲキフェス2026ー渋神三世代決戦ー
■ 公演日: 2026/09/19(土)
■ 場所: LINE CUBE SHIBUYA（東京都）
■ 出演: ドンデコルテ／CITY／素敵じゃないか
■ 先着受付開始: 2026/08/30 10:00

https://ticket.fany.lol/reception/63814/51190
----------------------------------------
✅ 追加の公演はありませんでした（2026-08-30 05:31 時点）
----------------------------------------
✅ 追加の公演はありませんでした（2026-08-30 13:04 時点）
----------------------------------------
@everyone
ドンデコルテ出演公演が追加されました！

■ 公演タイトル: よしもとお笑いレストラン
■ 公演日: 2026/10/04(日)
■ 場所: よしもと道頓堀シアター（大阪府）
■ 出演者: ダブルアート／カラタチ／吉田たち／ドンデコルテ／シカノシンプ／彼岸花／他／[MC] 祇園
■ 申し込み日程:
　- 抽選受付[●FANY IDプレミアムメンバー抽選先行]: 2026/08/30 11:00 〜 2026/09/01 11:00（抽選受付中）
　- 抽選受付[FANY IDメンバー抽選先行]: 2026/08/30 11:00 〜 2026/09/01 11:00（抽選受付中）
　- 先着受付開始: 2026/09/04 10:00（先着発売前）

https://ticket.fany.lol/reception/66236/52723
----------------------------------------
📢 他2件の公演が追加されました
・幕張平日ネタＳＰ１４時（2026/09/10(木)） https://ticket.fany.lol/reception/61093/49705
・幕張平日ネタＳＰ１６時（2026/09/10(木)） https://ticket.fany.lol/reception/61093/49706
----------------------------------------
✅ 追加の公演はありませんでした（2026-08-31 01:12 時点）
----------------------------------------
✅ 追加の公演はありませんでした（2026-08-31 05:40 時点）
----------------------------------------
✅ 追加の公演はありませんでした（2026-08-31 13:09 時点）
----------------------------------------
✅ 追加の公演はありませんでした（2026-08-31 21:55 時点）
----------------------------------------
@everyone
CITY出演公演が追加されました！

■ 公演タイトル: 下北ウホウホ
■ 公演日: 2026/09/25(金)
■ 場所: 下北沢シアターミネルヴァ（東京都）
■ 出演者: 守谷日和
ゲスト：おしみんまる、CITY、ネコニスズ
■ 申し込み日程:
　- 先着受付開始: 2026/09/01 10:00（先着発売前）

https://ticket.fany.lol/reception/66458/52864
----------------------------------------
✅ 追加の公演はありませんでした（2026-09-01 12:57 時点）
----------------------------------------
✅ 追加の公演はありませんでした（2026-09-01 20:14 時点）
----------------------------------------
【前日リマインド】明日 2026/09/02 10:00 に先着販売が開始します。

■ 公演: よしもと漫才リーグ チームライブ～ドンデコルテチーム編～
■ 公演日: 2026/10/07(水)
■ 場所: よしもと幕張イオンモール劇場（千葉県）
■ 出演: ドンデコルテ
■ 先着受付開始: 2026/09/02 10:00

https://ticket.fany.lol/reception/66250/52739
----------------------------------------
【前日リマインド】明日 2026/09/02 10:00 に先着販売が開始します。

■ 公演: よしもと漫才リーグ チームライブ～ダブルヒガシチーム編～
■ 公演日: 2026/10/27(火)
■ 場所: よしもと幕張イオンモール劇場（千葉県）
■ 出演: CITY
■ 先着受付開始: 2026/09/02 10:00

https://ticket.fany.lol/reception/66272/52745
----------------------------------------
【前日リマインド】明日 2026/09/02 10:00 に先着販売が開始します。

■ 公演: オズワルド×素敵じゃないか「兄弟」
■ 公演日: 2026/10/15(木)
■ 場所: 大宮ラクーンよしもと劇場（埼玉県）
■ 出演: 素敵じゃないか
■ 先着受付開始: 2026/09/02 10:00

https://ticket.fany.lol/reception/66211/52715
----------------------------------------
【前日リマインド】明日 2026/09/02 10:00 に先着販売が開始します。

■ 公演: 漫才ユナイテッド
■ 公演日: 2026/11/12(木)
■ 場所: ルミネtheよしもと（東京都）
■ 出演: 素敵じゃないか
■ 先着受付開始: 2026/09/02 10:00

https://ticket.fany.lol/reception/65459/52528
----------------------------------------
